Archive member included to satisfy reference by file (symbol)

d:/stm32cubeide_1.7.0/stm32cubeide/plugins/com.st.stm32cube.ide.mcu.externaltools.gnu-tools-for-stm32.9-2020-q2-update.win32_2.0.0.202105311346/tools/bin/../lib/gcc/arm-none-eabi/9.3.1/../../../../arm-none-eabi/lib/thumb/v7e-m+fp/hard\libc_nano.a(lib_a-errno.o)
                              ./Core/Src/syscalls.o (__errno)
d:/stm32cubeide_1.7.0/stm32cubeide/plugins/com.st.stm32cube.ide.mcu.externaltools.gnu-tools-for-stm32.9-2020-q2-update.win32_2.0.0.202105311346/tools/bin/../lib/gcc/arm-none-eabi/9.3.1/../../../../arm-none-eabi/lib/thumb/v7e-m+fp/hard\libc_nano.a(lib_a-exit.o)
                              d:/stm32cubeide_1.7.0/stm32cubeide/plugins/com.st.stm32cube.ide.mcu.externaltools.gnu-tools-for-stm32.9-2020-q2-update.win32_2.0.0.202105311346/tools/bin/../lib/gcc/arm-none-eabi/9.3.1/../../../../arm-none-eabi/lib/thumb/v7e-m+fp/hard/crt0.o (exit)
d:/stm32cubeide_1.7.0/stm32cubeide/plugins/com.st.stm32cube.ide.mcu.externaltools.gnu-tools-for-stm32.9-2020-q2-update.win32_2.0.0.202105311346/tools/bin/../lib/gcc/arm-none-eabi/9.3.1/../../../../arm-none-eabi/lib/thumb/v7e-m+fp/hard\libc_nano.a(lib_a-findfp.o)
                              ./Middlewares/Third_Party/FreeRTOS/Source/tasks.o (__sf_fake_stderr)
d:/stm32cubeide_1.7.0/stm32cubeide/plugins/com.st.stm32cube.ide.mcu.externaltools.gnu-tools-for-stm32.9-2020-q2-update.win32_2.0.0.202105311346/tools/bin/../lib/gcc/arm-none-eabi/9.3.1/../../../../arm-none-eabi/lib/thumb/v7e-m+fp/hard\libc_nano.a(lib_a-fwalk.o)
                              d:/stm32cubeide_1.7.0/stm32cubeide/plugins/com.st.stm32cube.ide.mcu.externaltools.gnu-tools-for-stm32.9-2020-q2-update.win32_2.0.0.202105311346/tools/bin/../lib/gcc/arm-none-eabi/9.3.1/../../../../arm-none-eabi/lib/thumb/v7e-m+fp/hard\libc_nano.a(lib_a-findfp.o) (_fwalk)
d:/stm32cubeide_1.7.0/stm32cubeide/plugins/com.st.stm32cube.ide.mcu.externaltools.gnu-tools-for-stm32.9-2020-q2-update.win32_2.0.0.202105311346/tools/bin/../lib/gcc/arm-none-eabi/9.3.1/../../../../arm-none-eabi/lib/thumb/v7e-m+fp/hard\libc_nano.a(lib_a-impure.o)
                              d:/stm32cubeide_1.7.0/stm32cubeide/plugins/com.st.stm32cube.ide.mcu.externaltools.gnu-tools-for-stm32.9-2020-q2-update.win32_2.0.0.202105311346/tools/bin/../lib/gcc/arm-none-eabi/9.3.1/../../../../arm-none-eabi/lib/thumb/v7e-m+fp/hard\libc_nano.a(lib_a-exit.o) (_global_impure_ptr)
d:/stm32cubeide_1.7.0/stm32cubeide/plugins/com.st.stm32cube.ide.mcu.externaltools.gnu-tools-for-stm32.9-2020-q2-update.win32_2.0.0.202105311346/tools/bin/../lib/gcc/arm-none-eabi/9.3.1/../../../../arm-none-eabi/lib/thumb/v7e-m+fp/hard\libc_nano.a(lib_a-init.o)
                              d:/stm32cubeide_1.7.0/stm32cubeide/plugins/com.st.stm32cube.ide.mcu.externaltools.gnu-tools-for-stm32.9-2020-q2-update.win32_2.0.0.202105311346/tools/bin/../lib/gcc/arm-none-eabi/9.3.1/../../../../arm-none-eabi/lib/thumb/v7e-m+fp/hard/crt0.o (__libc_init_array)
d:/stm32cubeide_1.7.0/stm32cubeide/plugins/com.st.stm32cube.ide.mcu.externaltools.gnu-tools-for-stm32.9-2020-q2-update.win32_2.0.0.202105311346/tools/bin/../lib/gcc/arm-none-eabi/9.3.1/../../../../arm-none-eabi/lib/thumb/v7e-m+fp/hard\libc_nano.a(lib_a-lock.o)
                              d:/stm32cubeide_1.7.0/stm32cubeide/plugins/com.st.stm32cube.ide.mcu.externaltools.gnu-tools-for-stm32.9-2020-q2-update.win32_2.0.0.202105311346/tools/bin/../lib/gcc/arm-none-eabi/9.3.1/../../../../arm-none-eabi/lib/thumb/v7e-m+fp/hard\libc_nano.a(lib_a-findfp.o) (__retarget_lock_init_recursive)
d:/stm32cubeide_1.7.0/stm32cubeide/plugins/com.st.stm32cube.ide.mcu.externaltools.gnu-tools-for-stm32.9-2020-q2-update.win32_2.0.0.202105311346/tools/bin/../lib/gcc/arm-none-eabi/9.3.1/../../../../arm-none-eabi/lib/thumb/v7e-m+fp/hard\libc_nano.a(lib_a-memcpy-stub.o)
                              ./Middlewares/Third_Party/FreeRTOS/Source/queue.o (memcpy)
d:/stm32cubeide_1.7.0/stm32cubeide/plugins/com.st.stm32cube.ide.mcu.externaltools.gnu-tools-for-stm32.9-2020-q2-update.win32_2.0.0.202105311346/tools/bin/../lib/gcc/arm-none-eabi/9.3.1/../../../../arm-none-eabi/lib/thumb/v7e-m+fp/hard\libc_nano.a(lib_a-memset.o)
                              d:/stm32cubeide_1.7.0/stm32cubeide/plugins/com.st.stm32cube.ide.mcu.externaltools.gnu-tools-for-stm32.9-2020-q2-update.win32_2.0.0.202105311346/tools/bin/../lib/gcc/arm-none-eabi/9.3.1/../../../../arm-none-eabi/lib/thumb/v7e-m+fp/hard/crt0.o (memset)
d:/stm32cubeide_1.7.0/stm32cubeide/plugins/com.st.stm32cube.ide.mcu.externaltools.gnu-tools-for-stm32.9-2020-q2-update.win32_2.0.0.202105311346/tools/bin/../lib/gcc/arm-none-eabi/9.3.1/../../../../arm-none-eabi/lib/thumb/v7e-m+fp/hard\libc_nano.a(lib_a-nano-mallocr.o)
[...]
Memory Configuration

Name             Origin             Length             Attributes
RAM              0x0000000020000000 0x0000000000020000 xrw
FLASH            0x0000000008000000 0x0000000000080000 xr
*default*        0x0000000000000000 0xffffffffffffffff

Linker script and memory map

LOAD d:/stm32cubeide_1.7.0/stm32cubeide/plugins/com.st.stm32cube.ide.mcu.externaltools.gnu-tools-for-stm32.9-2020-q2-update.win32_2.0.0.202105311346/tools/bin/../lib/gcc/arm-none-eabi/9.3.1/thumb/v7e-m+fp/hard/crti.o
LOAD d:/stm32cubeide_1.7.0/stm32cubeide/plugins/com.st.stm32cube.ide.mcu.externaltools.gnu-tools-for-stm32.9-2020-q2-update.win32_2.0.0.202105311346/tools/bin/../lib/gcc/arm-none-eabi/9.3.1/thumb/v7e-m+fp/hard/crtbegin.o
LOAD d:/stm32cubeide_1.7.0/stm32cubeide/plugins/com.st.stm32cube.ide.mcu.externaltools.gnu-tools-for-stm32.9-2020-q2-update.win32_2.0.0.202105311346/tools/bin/../lib/gcc/arm-none-eabi/9.3.1/../../../../arm-none-eabi/lib/thumb/v7e-m+fp/hard/crt0.o
LOAD ./Core/Src/freertos.o
LOAD ./Core/Src/gpio.o
LOAD ./Core/Src/main.o
LOAD ./Core/Src/stm32f4xx_hal_msp.o
LOAD ./Core/Src/stm32f4xx_hal_timebase_tim.o
LOAD ./Core/Src/stm32f4xx_it.o
LOAD ./Core/Src/syscalls.o
LOAD ./Core/Src/sysmem.o
LOAD ./Core/Src/system_stm32f4xx.o
LOAD ./Core/Src/usart.o
LOAD ./Core/Startup/startup_stm32f446zetx.o
LOAD ./Drivers/STM32F4xx_HAL_Driver/Src/stm32f4xx_hal.o
LOAD ./Drivers/STM32F4xx_HAL_Driver/Src/stm32f4xx_hal_cortex.o
LOAD ./Drivers/STM32F4xx_HAL_Driver/Src/stm32f4xx_hal_dma.o
LOAD ./Drivers/STM32F4xx_HAL_Driver/Src/stm32f4xx_hal_dma_ex.o
LOAD ./Drivers/STM32F4xx_HAL_Driver/Src/stm32f4xx_hal_exti.o
LOAD ./Drivers/STM32F4xx_HAL_Driver/Src/stm32f4xx_hal_flash.o
LOAD ./Drivers/STM32F4xx_HAL_Driver/Src/stm32f4xx_hal_flash_ex.o
LOAD ./Drivers/STM32F4xx_HAL_Driver/Src/stm32f4xx_hal_flash_ramfunc.o
LOAD ./Drivers/STM32F4xx_HAL_Driver/Src/stm32f4xx_hal_gpio.o
LOAD ./Drivers/STM32F4xx_HAL_Driver/Src/stm32f4xx_hal_pcd.o
LOAD ./Drivers/STM32F4xx_HAL_Driver/Src/stm32f4xx_hal_pcd_ex.o
LOAD ./Drivers/STM32F4xx_HAL_Driver/Src/stm32f4xx_hal_pwr.o
LOAD ./Drivers/STM32F4xx_HAL_Driver/Src/stm32f4xx_hal_pwr_ex.o
LOAD ./Drivers/STM32F4xx_HAL_Driver/Src/stm32f4xx_hal_rcc.o
LOAD ./Drivers/STM32F4xx_HAL_Driver/Src/stm32f4xx_hal_rcc_ex.o
LOAD ./Drivers/STM32F4xx_HAL_Driver/Src/stm32f4xx_hal_tim.o
LOAD ./Drivers/STM32F4xx_HAL_Driver/Src/stm32f4xx_hal_tim_ex.o
LOAD ./Drivers/STM32F4xx_HAL_Driver/Src/stm32f4xx_hal_uart.o
LOAD ./Drivers/STM32F4xx_HAL_Driver/Src/stm32f4xx_ll_usb.o
LOAD ./Middlewares/ST/STM32_USB_Device_Library/Class/CDC/Src/usbd_cdc.o
LOAD ./Middlewares/ST/STM32_USB_Device_Library/Core/Src/usbd_core.o
LOAD ./Middlewares/ST/STM32_USB_Device_Library/Core/Src/usbd_ctlreq.o
LOAD ./Middlewares/ST/STM32_USB_Device_Library/Core/Src/usbd_ioreq.o
LOAD ./Middlewares/Third_Party/FreeRTOS/Source/CMSIS_RTOS/cmsis_os.o
LOAD ./Middlewares/Third_Party/FreeRTOS/Source/croutine.o
LOAD ./Middlewares/Third_Party/FreeRTOS/Source/event_groups.o
LOAD ./Middlewares/Third_Party/FreeRTOS/Source/list.o
LOAD ./Middlewares/Third_Party/FreeRTOS/Source/queue.o
LOAD ./Middlewares/Third_Party/FreeRTOS/Source/stream_buffer.o
LOAD ./Middlewares/Third_Party/FreeRTOS/Source/tasks.o
LOAD ./Middlewares/Third_Party/FreeRTOS/Source/timers.o
LOAD ./Middlewares/Third_Party/FreeRTOS/Source/portable/GCC/ARM_CM4F/port.o
LOAD ./Middlewares/Third_Party/FreeRTOS/Source/portable/MemMang/heap_4.o
LOAD ./USB_DEVICE/App/usb_device.o
LOAD ./USB_DEVICE/App/usbd_cdc_if.o
LOAD ./USB_DEVICE/App/usbd_desc.o
LOAD ./USB_DEVICE/Target/usbd_conf.o
START GROUP
LOAD d:/stm32cubeide_1.7.0/stm32cubeide/plugins/com.st.stm32cube.ide.mcu.externaltools.gnu-tools-for-stm32.9-2020-q2-update.win32_2.0.0.202105311346/tools/bin/../lib/gcc/arm-none-eabi/9.3.1/../../../../arm-none-eabi/lib/thumb/v7e-m+fp/hard\libc_nano.a
LOAD d:/stm32cubeide_1.7.0/stm32cubeide/plugins/com.st.stm32cube.ide.mcu.externaltools.gnu-tools-for-stm32.9-2020-q2-update.win32_2.0.0.202105311346/tools/bin/../lib/gcc/arm-none-eabi/9.3.1/../../../../arm-none-eabi/lib/thumb/v7e-m+fp/hard\libm.a
END GROUP
START GROUP
LOAD d:/stm32cubeide_1.7.0/stm32cubeide/plugins/com.st.stm32cube.ide.mcu.externaltools.gnu-tools-for-stm32.9-2020-q2-update.win32_2.0.0.202105311346/tools/bin/../lib/gcc/arm-none-eabi/9.3.1/thumb/v7e-m+fp/hard\libgcc.a
LOAD d:/stm32cubeide_1.7.0/stm32cubeide/plugins/com.st.stm32cube.ide.mcu.externaltools.gnu-tools-for-stm32.9-2020-q2-update.win32_2.0.0.202105311346/tools/bin/../lib/gcc/arm-none-eabi/9.3.1/../../../../arm-none-eabi/lib/thumb/v7e-m+fp/hard\libc_nano.a
END GROUP
START GROUP
LOAD d:/stm32cubeide_1.7.0/stm32cubeide/plugins/com.st.stm32cube.ide.mcu.externaltools.gnu-tools-for-stm32.9-2020-q2-update.win32_2.0.0.202105311346/tools/bin/../lib/gcc/arm-none-eabi/9.3.1/thumb/v7e-m+fp/hard\libgcc.a
LOAD d:/stm32cubeide_1.7.0/stm32cubeide/plugins/com.st.stm32cube.ide.mcu.externaltools.gnu-tools-for-stm32.9-2020-q2-update.win32_2.0.0.202105311346/tools/bin/../lib/gcc/arm-none-eabi/9.3.1/../../../../arm-none-eabi/lib/thumb/v7e-m+fp/hard\libc_nano.a
LOAD d:/stm32cubeide_1.7.0/stm32cubeide/plugins/com.st.stm32cube.ide.mcu.externaltools.gnu-tools-for-stm32.9-2020-q2-update.win32_2.0.0.202105311346/tools/bin/../lib/gcc/arm-none-eabi/9.3.1/../../../../arm-none-eabi/lib/thumb/v7e-m+fp/hard\libnosys.a
END GROUP
START GROUP
LOAD d:/stm32cubeide_1.7.0/stm32cubeide/plugins/com.st.stm32cube.ide.mcu.externaltools.gnu-tools-for-stm32.9-2020-q2-update.win32_2.0.0.202105311346/tools/bin/../lib/gcc/arm-none-eabi/9.3.1/thumb/v7e-m+fp/hard\libgcc.a
LOAD d:/stm32cubeide_1.7.0/stm32cubeide/plugins/com.st.stm32cube.ide.mcu.externaltools.gnu-tools-for-stm32.9-2020-q2-update.win32_2.0.0.202105311346/tools/bin/../lib/gcc/arm-none-eabi/9.3.1/../../../../arm-none-eabi/lib/thumb/v7e-m+fp/hard\libc_nano.a
LOAD d:/stm32cubeide_1.7.0/stm32cubeide/plugins/com.st.stm32cube.ide.mcu.externaltools.gnu-tools-for-stm32.9-2020-q2-update.win32_2.0.0.202105311346/tools/bin/../lib/gcc/arm-none-eabi/9.3.1/../../../../arm-none-eabi/lib/thumb/v7e-m+fp/hard\libnosys.a
END GROUP
LOAD d:/stm32cubeide_1.7.0/stm32cubeide/plugins/com.st.stm32cube.ide.mcu.externaltools.gnu-tools-for-stm32.9-2020-q2-update.win32_2.0.0.202105311346/tools/bin/../lib/gcc/arm-none-eabi/9.3.1/thumb/v7e-m+fp/hard/crtend.o
LOAD d:/stm32cubeide_1.7.0/stm32cubeide/plugins/com.st.stm32cube.ide.mcu.externaltools.gnu-tools-for-stm32.9-2020-q2-update.win32_2.0.0.202105311346/tools/bin/../lib/gcc/arm-none-eabi/9.3.1/thumb/v7e-m+fp/hard/crtn.o
                0x0000000020020000                _estack = (ORIGIN (RAM) + LENGTH (RAM))
                0x0000000000000200                _Min_Heap_Size = 0x200
                0x0000000000000400                _Min_Stack_Size = 0x400

.isr_vector     0x0000000008000000      0x1c4
                0x0000000008000000                . = ALIGN (0x4)
 *(.isr_vector)
 .isr_vector    0x0000000008000000      0x1c4 ./Core/Startup/startup_stm32f446zetx.o
                0x0000000008000000                g_pfnVectors
                0x00000000080001c4                . = ALIGN (0x4)

.text           0x00000000080001d0     0xa1ec
                0x00000000080001d0                . = ALIGN (0x4)
 *(.text)
 .text          0x00000000080001d0       0x40 d:/stm32cubeide_1.7.0/stm32cubeide/plugins/com.st.stm32cube.ide.mcu.externaltools.gnu-tools-for-stm32.9-2020-q2-update.win32_2.0.0.202105311346/tools/bin/../lib/gcc/arm-none-eabi/9.3.1/thumb/v7e-m+fp/hard/crtbegin.o
 .text          0x0000000008000210       0x30 d:/stm32cubeide_1.7.0/stm32cubeide/plugins/com.st.stm32cube.ide.mcu.externaltools.gnu-tools-for-stm32.9-2020-q2-update.win32_2.0.0.202105311346/tools/bin/../lib/gcc/arm-none-eabi/9.3.1/thumb/v7e-m+fp/hard\libgcc.a(_aeabi_uldivmod.o)
                0x0000000008000210                __aeabi_uldivmod
 .text          0x0000000008000240      0x2c4 d:/stm32cubeide_1.7.0/stm32cubeide/plugins/com.st.stm32cube.ide.mcu.externaltools.gnu-tools-for-stm32.9-2020-q2-update.win32_2.0.0.202105311346/tools/bin/../lib/gcc/arm-none-eabi/9.3.1/thumb/v7e-m+fp/hard\libgcc.a(_udivmoddi4.o)
                0x0000000008000240                __udivmoddi4
 .text          0x0000000008000504        0x4 d:/stm32cubeide_1.7.0/stm32cubeide/plugins/com.st.stm32cube.ide.mcu.externaltools.gnu-tools-for-stm32.9-2020-q2-update.win32_2.0.0.202105311346/tools/bin/../lib/gcc/arm-none-eabi/9.3.1/thumb/v7e-m+fp/hard\libgcc.a(_dvmd_tls.o)
                0x0000000008000504                __aeabi_idiv0
                0x0000000008000504                __aeabi_ldiv0
 *(.text*)
 .text.vApplicationGetIdleTaskMemory
                0x0000000008000508       0x34 ./Core/Src/freertos.o
                0x0000000008000508                vApplicationGetIdleTaskMemory
 .text.MX_FREERTOS_Init
                0x000000000800053c       0x8c ./Core/Src/freertos.o
                0x000000000800053c                MX_FREERTOS_Init
 .text.StartDefaultTask
                0x00000000080005c8       0x16 ./Core/Src/freertos.o
                0x00000000080005c8                StartDefaultTask
 *fill*         0x00000000080005de        0x2 
 .text.UsbTask  0x00000000080005e0       0x50 ./Core/Src/freertos.o
                0x00000000080005e0                UsbTask
 .text.blinkLD1
                0x0000000008000630       0x24 ./Core/Src/freertos.o
                0x0000000008000630                blinkLD1
 .text.blinkLD2
                0x0000000008000654       0x24 ./Core/Src/freertos.o
                0x0000000008000654                blinkLD2
 .text.blinkLD3
                0x0000000008000678       0x28 ./Core/Src/freertos.o
                0x0000000008000678                blinkLD3
 .text.putMsgIntoQueue
                0x00000000080006a0       0x30 ./Core/Src/freertos.o
                0x00000000080006a0                putMsgIntoQueue
 .text.MX_GPIO_Init
                0x00000000080006d0      0x15c ./Core/Src/gpio.o
                0x00000000080006d0                MX_GPIO_Init
 .text.main     0x000000000800082c       0x1e ./Core/Src/main.o
                0x000000000800082c                main
 *fill*         0x000000000800084a        0x2 
 .text.SystemClock_Config
                0x000000000800084c       0xd8 ./Core/Src/main.o
                0x000000000800084c                SystemClock_Config
 .text.HAL_TIM_PeriodElapsedCallback
                0x0000000008000924       0x1e ./Core/Src/main.o
                0x0000000008000924                HAL_TIM_PeriodElapsedCallback
 .text.Error_Handler
                0x0000000008000942        0xa ./Core/Src/main.o
                0x0000000008000942                Error_Handler
 .text.HAL_MspInit
                0x000000000800094c       0x58 ./Core/Src/stm32f4xx_hal_msp.o
                0x000000000800094c                HAL_MspInit
 .text.HAL_InitTick
                0x00000000080009a4       0xb4 ./Core/Src/stm32f4xx_hal_timebase_tim.o
                0x00000000080009a4                HAL_InitTick
 .text.NMI_Handler
                0x0000000008000a58        0x6 ./Core/Src/stm32f4xx_it.o
                0x0000000008000a58                NMI_Handler
 .text.HardFault_Handler
                0x0000000008000a5e        0x6 ./Core/Src/stm32f4xx_it.o
                0x0000000008000a5e                HardFault_Handler
 .text.MemManage_Handler
                0x0000000008000a64        0x6 ./Core/Src/stm32f4xx_it.o
                0x0000000008000a64                MemManage_Handler
 .text.BusFault_Handler
                0x0000000008000a6a        0x6 ./Core/Src/stm32f4xx_it.o
                0x0000000008000a6a                BusFault_Handler
 .text.UsageFault_Handler
                0x0000000008000a70        0x6 ./Core/Src/stm32f4xx_it.o
                0x0000000008000a70                UsageFault_Handler
 .text.DebugMon_Handler
                0x0000000008000a76        0xe ./Core/Src/stm32f4xx_it.o
                0x0000000008000a76                DebugMon_Handler
 .text.TIM2_IRQHandler
                0x0000000008000a84       0x14 ./Core/Src/stm32f4xx_it.o
                0x0000000008000a84                TIM2_IRQHandler
 .text.OTG_FS_IRQHandler
                0x0000000008000a98       0x14 ./Core/Src/stm32f4xx_it.o
                0x0000000008000a98                OTG_FS_IRQHandler
 .text.SystemInit
                0x0000000008000aac       0x24 ./Core/Src/system_stm32f4xx.o
                0x0000000008000aac                SystemInit
 .text.MX_USART3_UART_Init
                0x0000000008000ad0       0x54 ./Core/Src/usart.o
                0x0000000008000ad0                MX_USART3_UART_Init
 .text.HAL_UART_MspInit
                0x0000000008000b24       0x90 ./Core/Src/usart.o
                0x0000000008000b24                HAL_UART_MspInit
 .text.Reset_Handler
                0x0000000008000bb4       0x50 ./Core/Startup/startup_stm32f446zetx.o
                0x0000000008000bb4                Reset_Handler
 .text.Default_Handler
                0x0000000008000c04        0x2 ./Core/Startup/startup_stm32f446zetx.o
                0x0000000008000c04                RTC_Alarm_IRQHandler
                0x0000000008000c04                EXTI2_IRQHandler
                0x0000000008000c04                TIM8_CC_IRQHandler
                0x0000000008000c04                FMPI2C1_EV_IRQHandler
                0x0000000008000c04                SPI4_IRQHandler
                0x0000000008000c04                TIM1_CC_IRQHandler
                0x0000000008000c04                DMA2_Stream5_IRQHandler
                0x0000000008000c04                DMA1_Stream5_IRQHandler
                0x0000000008000c04                PVD_IRQHandler
                0x0000000008000c04                SDIO_IRQHandler
                0x0000000008000c04                TAMP_STAMP_IRQHandler
                0x0000000008000c04                CAN2_RX1_IRQHandler
                0x0000000008000c04                EXTI3_IRQHandler
                0x0000000008000c04                TIM8_TRG_COM_TIM14_IRQHandler
                0x0000000008000c04                TIM1_UP_TIM10_IRQHandler
                0x0000000008000c04                TIM8_UP_TIM13_IRQHandler
                0x0000000008000c04                I2C3_ER_IRQHandler
                0x0000000008000c04                EXTI0_IRQHandler
                0x0000000008000c04                I2C2_EV_IRQHandler
                0x0000000008000c04                DMA1_Stream2_IRQHandler
                0x0000000008000c04                CAN1_RX0_IRQHandler
                0x0000000008000c04                FPU_IRQHandler
                0x0000000008000c04                OTG_HS_WKUP_IRQHandler
                0x0000000008000c04                CAN2_SCE_IRQHandler
                0x0000000008000c04                DMA2_Stream2_IRQHandler
                0x0000000008000c04                SPI1_IRQHandler
                0x0000000008000c04                TIM6_DAC_IRQHandler
                0x0000000008000c04                TIM1_BRK_TIM9_IRQHandler
                0x0000000008000c04                DCMI_IRQHandler
                0x0000000008000c04                CAN2_RX0_IRQHandler
                0x0000000008000c04                DMA2_Stream3_IRQHandler
                0x0000000008000c04                SAI2_IRQHandler
                0x0000000008000c04                USART6_IRQHandler
                0x0000000008000c04                USART3_IRQHandler
                0x0000000008000c04                CAN1_RX1_IRQHandler
                0x0000000008000c04                UART5_IRQHandler
                0x0000000008000c04                DMA2_Stream0_IRQHandler
                0x0000000008000c04                TIM4_IRQHandler
                0x0000000008000c04                QUADSPI_IRQHandler
                0x0000000008000c04                I2C1_EV_IRQHandler
                0x0000000008000c04                DMA1_Stream6_IRQHandler
                0x0000000008000c04                DMA1_Stream1_IRQHandler
                0x0000000008000c04                UART4_IRQHandler
                0x0000000008000c04                TIM3_IRQHandler
                0x0000000008000c04                RCC_IRQHandler
                0x0000000008000c04                TIM8_BRK_TIM12_IRQHandler
                0x0000000008000c04                Default_Handler
                0x0000000008000c04                CEC_IRQHandler
                0x0000000008000c04                EXTI15_10_IRQHandler
                0x0000000008000c04                ADC_IRQHandler
                0x0000000008000c04                DMA1_Stream7_IRQHandler
                0x0000000008000c04                TIM7_IRQHandler
                0x0000000008000c04                CAN2_TX_IRQHandler
                0x0000000008000c04                TIM5_IRQHandler
                0x0000000008000c04                DMA2_Stream7_IRQHandler
                0x0000000008000c04                I2C3_EV_IRQHandler
                0x0000000008000c04                EXTI9_5_IRQHandler
                0x0000000008000c04                RTC_WKUP_IRQHandler
                0x0000000008000c04                SPDIF_RX_IRQHandler
                0x0000000008000c04                SPI2_IRQHandler
                0x0000000008000c04                OTG_HS_EP1_IN_IRQHandler
                0x0000000008000c04                DMA1_Stream0_IRQHandler
                0x0000000008000c04                CAN1_TX_IRQHandler
                0x0000000008000c04                FMPI2C1_ER_IRQHandler
                0x0000000008000c04                EXTI4_IRQHandler
                0x0000000008000c04                OTG_HS_EP1_OUT_IRQHandler
                0x0000000008000c04                WWDG_IRQHandler
                0x0000000008000c04                OTG_FS_WKUP_IRQHandler
                0x0000000008000c04                TIM1_TRG_COM_TIM11_IRQHandler
                0x0000000008000c04                OTG_HS_IRQHandler
                0x0000000008000c04                EXTI1_IRQHandler
                0x0000000008000c04                USART2_IRQHandler
                0x0000000008000c04                I2C2_ER_IRQHandler
                0x0000000008000c04                DMA2_Stream1_IRQHandler
                0x0000000008000c04                CAN1_SCE_IRQHandler
                0x0000000008000c04                FLASH_IRQHandler
                0x0000000008000c04                DMA2_Stream4_IRQHandler
                0x0000000008000c04                USART1_IRQHandler
                0x0000000008000c04                SPI3_IRQHandler
                0x0000000008000c04                DMA1_Stream4_IRQHandler
                0x0000000008000c04                I2C1_ER_IRQHandler
                0x0000000008000c04                FMC_IRQHandler
                0x0000000008000c04                DMA2_Stream6_IRQHandler
                0x0000000008000c04                SAI1_IRQHandler
                0x0000000008000c04                DMA1_Stream3_IRQHandler
 *fill*         0x0000000008000c06        0x2 
 .text.HAL_Init
                0x0000000008000c08       0x44 ./Drivers/STM32F4xx_HAL_Driver/Src/stm32f4xx_hal.o
                0x0000000008000c08                HAL_Init
 .text.HAL_IncTick
                0x0000000008000c4c       0x28 ./Drivers/STM32F4xx_HAL_Driver/Src/stm32f4xx_hal.o
                0x0000000008000c4c                HAL_IncTick
 .text.HAL_GetTick
                0x0000000008000c74       0x18 ./Drivers/STM32F4xx_HAL_Driver/Src/stm32f4xx_hal.o
                0x0000000008000c74                HAL_GetTick
 .text.HAL_Delay
                0x0000000008000c8c       0x48 ./Drivers/STM32F4xx_HAL_Driver/Src/stm32f4xx_hal.o
                0x0000000008000c8c                HAL_Delay
 .text.__NVIC_SetPriorityGrouping
                0x0000000008000cd4       0x48 ./Drivers/STM32F4xx_HAL_Driver/Src/stm32f4xx_hal_cortex.o
 .text.__NVIC_GetPriorityGrouping
                0x0000000008000d1c       0x1c ./Drivers/STM32F4xx_HAL_Driver/Src/stm32f4xx_hal_cortex.o
 .text.__NVIC_EnableIRQ
                0x0000000008000d38       0x3c ./Drivers/STM32F4xx_HAL_Driver/Src/stm32f4xx_hal_cortex.o
 .text.__NVIC_SetPriority
                0x0000000008000d74       0x54 ./Drivers/STM32F4xx_HAL_Driver/Src/stm32f4xx_hal_cortex.o
 .text.NVIC_EncodePriority
                0x0000000008000dc8       0x66 ./Drivers/STM32F4xx_HAL_Driver/Src/stm32f4xx_hal_cortex.o
 .text.HAL_NVIC_SetPriorityGrouping
                0x0000000008000e2e       0x16 ./Drivers/STM32F4xx_HAL_Driver/Src/stm32f4xx_hal_cortex.o
                0x0000000008000e2e                HAL_NVIC_SetPriorityGrouping
 .text.HAL_NVIC_SetPriority
                0x0000000008000e44       0x38 ./Drivers/STM32F4xx_HAL_Driver/Src/stm32f4xx_hal_cortex.o
                0x0000000008000e44                HAL_NVIC_SetPriority
 .text.HAL_NVIC_EnableIRQ
                0x0000000008000e7c       0x1c ./Drivers/STM32F4xx_HAL_Driver/Src/stm32f4xx_hal_cortex.o
                0x0000000008000e7c                HAL_NVIC_EnableIRQ
 .text.HAL_GPIO_Init
                0x0000000008000e98      0x328 ./Drivers/STM32F4xx_HAL_Driver/Src/stm32f4xx_hal_gpio.o
                0x0000000008000e98                HAL_GPIO_Init
 .text.HAL_GPIO_WritePin
                0x00000000080011c0       0x32 ./Drivers/STM32F4xx_HAL_Driver/Src/stm32f4xx_hal_gpio.o
                0x00000000080011c0                HAL_GPIO_WritePin
 .text.HAL_GPIO_TogglePin
                0x00000000080011f2       0x34 ./Drivers/STM32F4xx_HAL_Driver/Src/stm32f4xx_hal_gpio.o
                0x00000000080011f2                HAL_GPIO_TogglePin
 .text.HAL_PCD_Init
                0x0000000008001226      0x248 ./Drivers/STM32F4xx_HAL_Driver/Src/stm32f4xx_hal_pcd.o
                0x0000000008001226                HAL_PCD_Init
 .text.HAL_PCD_Start
                0x000000000800146e       0x66 ./Drivers/STM32F4xx_HAL_Driver/Src/stm32f4xx_hal_pcd.o
                0x000000000800146e                HAL_PCD_Start
 .text.HAL_PCD_IRQHandler
                0x00000000080014d4      0x7be ./Drivers/STM32F4xx_HAL_Driver/Src/stm32f4xx_hal_pcd.o
                0x00000000080014d4                HAL_PCD_IRQHandler
 .text.HAL_PCD_SetAddress
                0x0000000008001c92       0x4a ./Drivers/STM32F4xx_HAL_Driver/Src/stm32f4xx_hal_pcd.o
                0x0000000008001c92                HAL_PCD_SetAddress
 .text.HAL_PCD_EP_Open
                0x0000000008001cdc       0xd0 ./Drivers/STM32F4xx_HAL_Driver/Src/stm32f4xx_hal_pcd.o
                0x0000000008001cdc                HAL_PCD_EP_Open
 .text.HAL_PCD_EP_Close
                0x0000000008001dac       0x94 ./Drivers/STM32F4xx_HAL_Driver/Src/stm32f4xx_hal_pcd.o
                0x0000000008001dac                HAL_PCD_EP_Close
 .text.HAL_PCD_EP_Receive
                0x0000000008001e40       0x96 ./Drivers/STM32F4xx_HAL_Driver/Src/stm32f4xx_hal_pcd.o
                0x0000000008001e40                HAL_PCD_EP_Receive
 .text.HAL_PCD_EP_GetRxCount
                0x0000000008001ed6       0x30 ./Drivers/STM32F4xx_HAL_Driver/Src/stm32f4xx_hal_pcd.o
                0x0000000008001ed6                HAL_PCD_EP_GetRxCount
 .text.HAL_PCD_EP_Transmit
                0x0000000008001f06       0x94 ./Drivers/STM32F4xx_HAL_Driver/Src/stm32f4xx_hal_pcd.o
                0x0000000008001f06                HAL_PCD_EP_Transmit
 .text.HAL_PCD_EP_SetStall
                0x0000000008001f9a       0xc8 ./Drivers/STM32F4xx_HAL_Driver/Src/stm32f4xx_hal_pcd.o
                0x0000000008001f9a                HAL_PCD_EP_SetStall
 .text.HAL_PCD_EP_ClrStall
                0x0000000008002062       0xac ./Drivers/STM32F4xx_HAL_Driver/Src/stm32f4xx_hal_pcd.o
                0x0000000008002062                HAL_PCD_EP_ClrStall
 .text.PCD_WriteEmptyTxFifo
                0x000000000800210e      0x11a ./Drivers/STM32F4xx_HAL_Driver/Src/stm32f4xx_hal_pcd.o
 .text.PCD_EP_OutXfrComplete_int
                0x0000000008002228      0x218 ./Drivers/STM32F4xx_HAL_Driver/Src/stm32f4xx_hal_pcd.o
 .text.PCD_EP_OutSetupPacket_int
                0x0000000008002440       0x8c ./Drivers/STM32F4xx_HAL_Driver/Src/stm32f4xx_hal_pcd.o
 .text.HAL_PCDEx_SetTxFiFo
                0x00000000080024cc       0x8e ./Drivers/STM32F4xx_HAL_Driver/Src/stm32f4xx_hal_pcd_ex.o
                0x00000000080024cc                HAL_PCDEx_SetTxFiFo
 .text.HAL_PCDEx_SetRxFiFo
                0x000000000800255a       0x22 ./Drivers/STM32F4xx_HAL_Driver/Src/stm32f4xx_hal_pcd_ex.o
                0x000000000800255a                HAL_PCDEx_SetRxFiFo
 .text.HAL_PCDEx_ActivateLPM
                0x000000000800257c       0x48 ./Drivers/STM32F4xx_HAL_Driver/Src/stm32f4xx_hal_pcd_ex.o
                0x000000000800257c                HAL_PCDEx_ActivateLPM
 .text.HAL_RCC_ClockConfig
                0x00000000080025c4      0x1cc ./Drivers/STM32F4xx_HAL_Driver/Src/stm32f4xx_hal_rcc.o
                0x00000000080025c4                HAL_RCC_ClockConfig
 .text.HAL_RCC_GetHCLKFreq
                0x0000000008002790       0x18 ./Drivers/STM32F4xx_HAL_Driver/Src/stm32f4xx_hal_rcc.o
                0x0000000008002790                HAL_RCC_GetHCLKFreq
 .text.HAL_RCC_GetPCLK1Freq
                0x00000000080027a8       0x28 ./Drivers/STM32F4xx_HAL_Driver/Src/stm32f4xx_hal_rcc.o
                0x00000000080027a8                HAL_RCC_GetPCLK1Freq
 .text.HAL_RCC_GetPCLK2Freq
                0x00000000080027d0       0x28 ./Drivers/STM32F4xx_HAL_Driver/Src/stm32f4xx_hal_rcc.o
                0x00000000080027d0                HAL_RCC_GetPCLK2Freq
 .text.HAL_RCC_GetClockConfig
                0x00000000080027f8       0x64 ./Drivers/STM32F4xx_HAL_Driver/Src/stm32f4xx_hal_rcc.o
                0x00000000080027f8                HAL_RCC_GetClockConfig
 .text.HAL_RCCEx_PeriphCLKConfig
                0x000000000800285c      0x654 ./Drivers/STM32F4xx_HAL_Driver/Src/stm32f4xx_hal_rcc_ex.o
                0x000000000800285c                HAL_RCCEx_PeriphCLKConfig
 .text.HAL_RCC_GetSysClockFreq
                0x0000000008002eb0      0x364 ./Drivers/STM32F4xx_HAL_Driver/Src/stm32f4xx_hal_rcc_ex.o
                0x0000000008002eb0                HAL_RCC_GetSysClockFreq
 .text.HAL_RCC_OscConfig
                0x0000000008003214      0x53c ./Drivers/STM32F4xx_HAL_Driver/Src/stm32f4xx_hal_rcc_ex.o
                0x0000000008003214                HAL_RCC_OscConfig
 .text.HAL_TIM_Base_Init
                0x0000000008003750       0x9e ./Drivers/STM32F4xx_HAL_Driver/Src/stm32f4xx_hal_tim.o
                0x0000000008003750                HAL_TIM_Base_Init
 .text.HAL_TIM_Base_MspInit
                0x00000000080037ee       0x14 ./Drivers/STM32F4xx_HAL_Driver/Src/stm32f4xx_hal_tim.o
                0x00000000080037ee                HAL_TIM_Base_MspInit
 *fill*         0x0000000008003802        0x2 
 .text.HAL_TIM_Base_Start_IT
                0x0000000008003804       0xe0 ./Drivers/STM32F4xx_HAL_Driver/Src/stm32f4xx_hal_tim.o
                0x0000000008003804                HAL_TIM_Base_Start_IT
 .text.HAL_TIM_IRQHandler
                0x00000000080038e4      0x210 ./Drivers/STM32F4xx_HAL_Driver/Src/stm32f4xx_hal_tim.o
                0x00000000080038e4                HAL_TIM_IRQHandler
 .text.HAL_TIM_OC_DelayElapsedCallback
                0x0000000008003af4       0x14 ./Drivers/STM32F4xx_HAL_Driver/Src/stm32f4xx_hal_tim.o
                0x0000000008003af4                HAL_TIM_OC_DelayElapsedCallback
 .text.HAL_TIM_IC_CaptureCallback
                0x0000000008003b08       0x14 ./Drivers/STM32F4xx_HAL_Driver/Src/stm32f4xx_hal_tim.o
                0x0000000008003b08                HAL_TIM_IC_CaptureCallback
 .text.HAL_TIM_PWM_PulseFinishedCallback
                0x0000000008003b1c       0x14 ./Drivers/STM32F4xx_HAL_Driver/Src/stm32f4xx_hal_tim.o
                0x0000000008003b1c                HAL_TIM_PWM_PulseFinishedCallback
 .text.HAL_TIM_TriggerCallback
                0x0000000008003b30       0x14 ./Drivers/STM32F4xx_HAL_Driver/Src/stm32f4xx_hal_tim.o
                0x0000000008003b30                HAL_TIM_TriggerCallback
 .text.TIM_Base_SetConfig
                0x0000000008003b44      0x140 ./Drivers/STM32F4xx_HAL_Driver/Src/stm32f4xx_hal_tim.o
                0x0000000008003b44                TIM_Base_SetConfig
 .text.HAL_TIMEx_CommutCallback
                0x0000000008003c84       0x14 ./Drivers/STM32F4xx_HAL_Driver/Src/stm32f4xx_hal_tim_ex.o
                0x0000000008003c84                HAL_TIMEx_CommutCallback
 .text.HAL_TIMEx_BreakCallback
                0x0000000008003c98       0x14 ./Drivers/STM32F4xx_HAL_Driver/Src/stm32f4xx_hal_tim_ex.o
                0x0000000008003c98                HAL_TIMEx_BreakCallback
 .text.HAL_UART_Init
                0x0000000008003cac       0x9a ./Drivers/STM32F4xx_HAL_Driver/Src/stm32f4xx_hal_uart.o
                0x0000000008003cac                HAL_UART_Init
 *fill*         0x0000000008003d46        0x2 
 .text.UART_SetConfig
                0x0000000008003d48      0x390 ./Drivers/STM32F4xx_HAL_Driver/Src/stm32f4xx_hal_uart.o
 .text.USB_CoreInit
                0x00000000080040d8       0xc2 ./Drivers/STM32F4xx_HAL_Driver/Src/stm32f4xx_ll_usb.o
                0x00000000080040d8                USB_CoreInit
 *fill*         0x000000000800419a        0x2 
 .text.USB_SetTurnaroundTime
                0x000000000800419c      0x144 ./Drivers/STM32F4xx_HAL_Driver/Src/stm32f4xx_ll_usb.o
                0x000000000800419c                USB_SetTurnaroundTime
 .text.USB_EnableGlobalInt
                0x00000000080042e0       0x22 ./Drivers/STM32F4xx_HAL_Driver/Src/stm32f4xx_ll_usb.o
                0x00000000080042e0                USB_EnableGlobalInt
 .text.USB_DisableGlobalInt
                0x0000000008004302       0x22 ./Drivers/STM32F4xx_HAL_Driver/Src/stm32f4xx_ll_usb.o
                0x0000000008004302                USB_DisableGlobalInt
 .text.USB_SetCurrentMode
                0x0000000008004324       0x98 ./Drivers/STM32F4xx_HAL_Driver/Src/stm32f4xx_ll_usb.o
                0x0000000008004324                USB_SetCurrentMode
 .text.USB_DevInit
                0x00000000080043bc      0x2bc ./Drivers/STM32F4xx_HAL_Driver/Src/stm32f4xx_ll_usb.o
                0x00000000080043bc                USB_DevInit
 .text.USB_FlushTxFifo
                0x0000000008004678       0x48 ./Drivers/STM32F4xx_HAL_Driver/Src/stm32f4xx_ll_usb.o
                0x0000000008004678                USB_FlushTxFifo
 .text.USB_FlushRxFifo
                0x00000000080046c0       0x40 ./Drivers/STM32F4xx_HAL_Driver/Src/stm32f4xx_ll_usb.o
                0x00000000080046c0                USB_FlushRxFifo
 .text.USB_SetDevSpeed
                0x0000000008004700       0x32 ./Drivers/STM32F4xx_HAL_Driver/Src/stm32f4xx_ll_usb.o
                0x0000000008004700                USB_SetDevSpeed
 .text.USB_GetDevSpeed
                0x0000000008004732       0x4a ./Drivers/STM32F4xx_HAL_Driver/Src/stm32f4xx_ll_usb.o
                0x0000000008004732                USB_GetDevSpeed
 .text.USB_ActivateEndpoint
                0x000000000800477c      0x10e ./Drivers/STM32F4xx_HAL_Driver/Src/stm32f4xx_ll_usb.o
                0x000000000800477c                USB_ActivateEndpoint
 *fill*         0x000000000800488a        0x2 
 .text.USB_DeactivateEndpoint
                0x000000000800488c      0x1b8 ./Drivers/STM32F4xx_HAL_Driver/Src/stm32f4xx_ll_usb.o
                0x000000000800488c                USB_DeactivateEndpoint
 .text.USB_EPStartXfer
                0x0000000008004a44      0x488 ./Drivers/STM32F4xx_HAL_Driver/Src/stm32f4xx_ll_usb.o
                0x0000000008004a44                USB_EPStartXfer
 .text.USB_EP0StartXfer
                0x0000000008004ecc      0x2a6 ./Drivers/STM32F4xx_HAL_Driver/Src/stm32f4xx_ll_usb.o
                0x0000000008004ecc                USB_EP0StartXfer
 .text.USB_WritePacket
                0x0000000008005172       0x7c ./Drivers/STM32F4xx_HAL_Driver/Src/stm32f4xx_ll_usb.o
                0x0000000008005172                USB_WritePacket
 .text.USB_ReadPacket
                0x00000000080051ee       0xb0 ./Drivers/STM32F4xx_HAL_Driver/Src/stm32f4xx_ll_usb.o
                0x00000000080051ee                USB_ReadPacket
 .text.USB_EPSetStall
                0x000000000800529e       0xdc ./Drivers/STM32F4xx_HAL_Driver/Src/stm32f4xx_ll_usb.o
                0x000000000800529e                USB_EPSetStall
 .text.USB_EPClearStall
                0x000000000800537a       0xcc ./Drivers/STM32F4xx_HAL_Driver/Src/stm32f4xx_ll_usb.o
                0x000000000800537a                USB_EPClearStall
 .text.USB_SetDevAddress
                0x0000000008005446       0x4c ./Drivers/STM32F4xx_HAL_Driver/Src/stm32f4xx_ll_usb.o
                0x0000000008005446                USB_SetDevAddress
 .text.USB_DevConnect
                0x0000000008005492       0x42 ./Drivers/STM32F4xx_HAL_Driver/Src/stm32f4xx_ll_usb.o
                0x0000000008005492                USB_DevConnect
 .text.USB_DevDisconnect
                0x00000000080054d4       0x42 ./Drivers/STM32F4xx_HAL_Driver/Src/stm32f4xx_ll_usb.o
                0x00000000080054d4                USB_DevDisconnect
 .text.USB_ReadInterrupts
                0x0000000008005516       0x26 ./Drivers/STM32F4xx_HAL_Driver/Src/stm32f4xx_ll_usb.o
                0x0000000008005516                USB_ReadInterrupts
 .text.USB_ReadDevAllOutEpInterrupt
                0x000000000800553c       0x34 ./Drivers/STM32F4xx_HAL_Driver/Src/stm32f4xx_ll_usb.o
                0x000000000800553c                USB_ReadDevAllOutEpInterrupt
 .text.USB_ReadDevAllInEpInterrupt
                0x0000000008005570       0x34 ./Drivers/STM32F4xx_HAL_Driver/Src/stm32f4xx_ll_usb.o
                0x0000000008005570                USB_ReadDevAllInEpInterrupt
 .text.USB_ReadDevOutEPInterrupt
                0x00000000080055a4       0x3c ./Drivers/STM32F4xx_HAL_Driver/Src/stm32f4xx_ll_usb.o
                0x00000000080055a4                USB_ReadDevOutEPInterrupt
 .text.USB_ReadDevInEPInterrupt
                0x00000000080055e0       0x5c ./Drivers/STM32F4xx_HAL_Driver/Src/stm32f4xx_ll_usb.o
                0x00000000080055e0                USB_ReadDevInEPInterrupt
 .text.USB_GetMode
                0x000000000800563c       0x1c ./Drivers/STM32F4xx_HAL_Driver/Src/stm32f4xx_ll_usb.o
                0x000000000800563c                USB_GetMode
 .text.USB_ActivateSetup
                0x0000000008005658       0x46 ./Drivers/STM32F4xx_HAL_Driver/Src/stm32f4xx_ll_usb.o
                0x0000000008005658                USB_ActivateSetup
 *fill*         0x000000000800569e        0x2 
 .text.USB_EP0_OutStart
                0x00000000080056a0       0xbc ./Drivers/STM32F4xx_HAL_Driver/Src/stm32f4xx_ll_usb.o
                0x00000000080056a0                USB_EP0_OutStart
 .text.USB_CoreReset
                0x000000000800575c       0x64 ./Drivers/STM32F4xx_HAL_Driver/Src/stm32f4xx_ll_usb.o
 .text.USBD_CDC_Init
                0x00000000080057c0       0xfe ./Middlewares/ST/STM32_USB_Device_Library/Class/CDC/Src/usbd_cdc.o
 .text.USBD_CDC_DeInit
                0x00000000080058be       0x74 ./Middlewares/ST/STM32_USB_Device_Library/Class/CDC/Src/usbd_cdc.o
 *fill*         0x0000000008005932        0x2 
 .text.USBD_CDC_Setup
                0x0000000008005934      0x190 ./Middlewares/ST/STM32_USB_Device_Library/Class/CDC/Src/usbd_cdc.o
 .text.USBD_CDC_DataIn
                0x0000000008005ac4       0xca ./Middlewares/ST/STM32_USB_Device_Library/Class/CDC/Src/usbd_cdc.o
 .text.USBD_CDC_DataOut
                0x0000000008005b8e       0x56 ./Middlewares/ST/STM32_USB_Device_Library/Class/CDC/Src/usbd_cdc.o
 .text.USBD_CDC_EP0_RxReady
                0x0000000008005be4       0x5a ./Middlewares/ST/STM32_USB_Device_Library/Class/CDC/Src/usbd_cdc.o
 *fill*         0x0000000008005c3e        0x2 
 .text.USBD_CDC_GetFSCfgDesc
                0x0000000008005c40       0x20 ./Middlewares/ST/STM32_USB_Device_Library/Class/CDC/Src/usbd_cdc.o
 .text.USBD_CDC_GetHSCfgDesc
                0x0000000008005c60       0x20 ./Middlewares/ST/STM32_USB_Device_Library/Class/CDC/Src/usbd_cdc.o
 .text.USBD_CDC_GetOtherSpeedCfgDesc
                0x0000000008005c80       0x20 ./Middlewares/ST/STM32_USB_Device_Library/Class/CDC/Src/usbd_cdc.o
 .text.USBD_CDC_GetDeviceQualifierDescriptor
                0x0000000008005ca0       0x20 ./Middlewares/ST/STM32_USB_Device_Library/Class/CDC/Src/usbd_cdc.o
                0x0000000008005ca0                USBD_CDC_GetDeviceQualifierDescriptor
 .text.USBD_CDC_RegisterInterface
                0x0000000008005cc0       0x2a ./Middlewares/ST/STM32_USB_Device_Library/Class/CDC/Src/usbd_cdc.o
                0x0000000008005cc0                USBD_CDC_RegisterInterface
 .text.USBD_CDC_SetTxBuffer
                0x0000000008005cea       0x3c ./Middlewares/ST/STM32_USB_Device_Library/Class/CDC/Src/usbd_cdc.o
                0x0000000008005cea                USBD_CDC_SetTxBuffer
 .text.USBD_CDC_SetRxBuffer
                0x0000000008005d26       0x32 ./Middlewares/ST/STM32_USB_Device_Library/Class/CDC/Src/usbd_cdc.o
                0x0000000008005d26                USBD_CDC_SetRxBuffer
 .text.USBD_CDC_TransmitPacket
                0x0000000008005d58       0x60 ./Middlewares/ST/STM32_USB_Device_Library/Class/CDC/Src/usbd_cdc.o
                0x0000000008005d58                USBD_CDC_TransmitPacket
 .text.USBD_CDC_ReceivePacket
                0x0000000008005db8       0x54 ./Middlewares/ST/STM32_USB_Device_Library/Class/CDC/Src/usbd_cdc.o
                0x0000000008005db8                USBD_CDC_ReceivePacket
 .text.USBD_Init
                0x0000000008005e0c       0x60 ./Middlewares/ST/STM32_USB_Device_Library/Core/Src/usbd_core.o
                0x0000000008005e0c                USBD_Init
 .text.USBD_RegisterClass
                0x0000000008005e6c       0x4e ./Middlewares/ST/STM32_USB_Device_Library/Core/Src/usbd_core.o
                0x0000000008005e6c                USBD_RegisterClass
 .text.USBD_Start
                0x0000000008005eba       0x18 ./Middlewares/ST/STM32_USB_Device_Library/Core/Src/usbd_core.o
                0x0000000008005eba                USBD_Start
 .text.USBD_RunTestMode
                0x0000000008005ed2       0x16 ./Middlewares/ST/STM32_USB_Device_Library/Core/Src/usbd_core.o
                0x0000000008005ed2                USBD_RunTestMode
 .text.USBD_SetClassConfig
                0x0000000008005ee8       0x38 ./Middlewares/ST/STM32_USB_Device_Library/Core/Src/usbd_core.o
                0x0000000008005ee8                USBD_SetClassConfig
 .text.USBD_ClrClassConfig
                0x0000000008005f20       0x30 ./Middlewares/ST/STM32_USB_Device_Library/Core/Src/usbd_core.o
                0x0000000008005f20                USBD_ClrClassConfig
 .text.USBD_LL_SetupStage
                0x0000000008005f50       0xaa ./Middlewares/ST/STM32_USB_Device_Library/Core/Src/usbd_core.o
                0x0000000008005f50                USBD_LL_SetupStage
 .text.USBD_LL_DataOutStage
                0x0000000008005ffa       0xc6 ./Middlewares/ST/STM32_USB_Device_Library/Core/Src/usbd_core.o
                0x0000000008005ffa                USBD_LL_DataOutStage
 .text.USBD_LL_DataInStage
                0x00000000080060c0      0x12c ./Middlewares/ST/STM32_USB_Device_Library/Core/Src/usbd_core.o
                0x00000000080060c0                USBD_LL_DataInStage
 .text.USBD_LL_Reset
                0x00000000080061ec       0x9c ./Middlewares/ST/STM32_USB_Device_Library/Core/Src/usbd_core.o
                0x00000000080061ec                USBD_LL_Reset
 .text.USBD_LL_SetSpeed
                0x0000000008006288       0x20 ./Middlewares/ST/STM32_USB_Device_Library/Core/Src/usbd_core.o
                0x0000000008006288                USBD_LL_SetSpeed
 .text.USBD_LL_Suspend
                0x00000000080062a8       0x2c ./Middlewares/ST/STM32_USB_Device_Library/Core/Src/usbd_core.o
                0x00000000080062a8                USBD_LL_Suspend
 .text.USBD_LL_Resume
                0x00000000080062d4       0x30 ./Middlewares/ST/STM32_USB_Device_Library/Core/Src/usbd_core.o
                0x00000000080062d4                USBD_LL_Resume
 .text.USBD_LL_SOF
                0x0000000008006304       0x44 ./Middlewares/ST/STM32_USB_Device_Library/Core/Src/usbd_core.o
                0x0000000008006304                USBD_LL_SOF
 .text.USBD_LL_IsoINIncomplete
                0x0000000008006348       0x4c ./Middlewares/ST/STM32_USB_Device_Library/Core/Src/usbd_core.o
                0x0000000008006348                USBD_LL_IsoINIncomplete
 .text.USBD_LL_IsoOUTIncomplete
                0x0000000008006394       0x4c ./Middlewares/ST/STM32_USB_Device_Library/Core/Src/usbd_core.o
                0x0000000008006394                USBD_LL_IsoOUTIncomplete
 .text.USBD_LL_DevConnected
                0x00000000080063e0       0x16 ./Middlewares/ST/STM32_USB_Device_Library/Core/Src/usbd_core.o
                0x00000000080063e0                USBD_LL_DevConnected
 .text.USBD_LL_DevDisconnected
                0x00000000080063f6       0x38 ./Middlewares/ST/STM32_USB_Device_Library/Core/Src/usbd_core.o
                0x00000000080063f6                USBD_LL_DevDisconnected
 .text.SWAPBYTE
                0x000000000800642e       0x3c ./Middlewares/ST/STM32_USB_Device_Library/Core/Src/usbd_ctlreq.o
 *fill*         0x000000000800646a        0x2 
 .text.USBD_StdDevReq
                0x000000000800646c       0xdc ./Middlewares/ST/STM32_USB_Device_Library/Core/Src/usbd_ctlreq.o
                0x000000000800646c                USBD_StdDevReq
 .text.USBD_StdItfReq
                0x0000000008006548       0x92 ./Middlewares/ST/STM32_USB_Device_Library/Core/Src/usbd_ctlreq.o
                0x0000000008006548                USBD_StdItfReq
 .text.USBD_StdEPReq
                0x00000000080065da      0x2c4 ./Middlewares/ST/STM32_USB_Device_Library/Core/Src/usbd_ctlreq.o
                0x00000000080065da                USBD_StdEPReq
 *fill*         0x000000000800689e        0x2 
 .text.USBD_GetDescriptor
                0x00000000080068a0      0x328 ./Middlewares/ST/STM32_USB_Device_Library/Core/Src/usbd_ctlreq.o
 .text.USBD_SetAddress
                0x0000000008006bc8       0x88 ./Middlewares/ST/STM32_USB_Device_Library/Core/Src/usbd_ctlreq.o
 .text.USBD_SetConfig
                0x0000000008006c50      0x14c ./Middlewares/ST/STM32_USB_Device_Library/Core/Src/usbd_ctlreq.o
 .text.USBD_GetConfig
                0x0000000008006d9c       0x6c ./Middlewares/ST/STM32_USB_Device_Library/Core/Src/usbd_ctlreq.o
 .text.USBD_GetStatus
                0x0000000008006e08       0x68 ./Middlewares/ST/STM32_USB_Device_Library/Core/Src/usbd_ctlreq.o
 .text.USBD_SetFeature
                0x0000000008006e70       0x28 ./Middlewares/ST/STM32_USB_Device_Library/Core/Src/usbd_ctlreq.o
 .text.USBD_ClrFeature
                0x0000000008006e98       0x44 ./Middlewares/ST/STM32_USB_Device_Library/Core/Src/usbd_ctlreq.o
 .text.USBD_ParseSetupRequest
                0x0000000008006edc       0x74 ./Middlewares/ST/STM32_USB_Device_Library/Core/Src/usbd_ctlreq.o
                0x0000000008006edc                USBD_ParseSetupRequest
 .text.USBD_CtlError
                0x0000000008006f50       0x22 ./Middlewares/ST/STM32_USB_Device_Library/Core/Src/usbd_ctlreq.o
                0x0000000008006f50                USBD_CtlError
 .text.USBD_GetString
                0x0000000008006f72       0x8c ./Middlewares/ST/STM32_USB_Device_Library/Core/Src/usbd_ctlreq.o
                0x0000000008006f72                USBD_GetString
 .text.USBD_GetLen
                0x0000000008006ffe       0x34 ./Middlewares/ST/STM32_USB_Device_Library/Core/Src/usbd_ctlreq.o
 .text.USBD_CtlSendData
                0x0000000008007032       0x36 ./Middlewares/ST/STM32_USB_Device_Library/Core/Src/usbd_ioreq.o
                0x0000000008007032                USBD_CtlSendData
 .text.USBD_CtlContinueSendData
                0x0000000008007068       0x22 ./Middlewares/ST/STM32_USB_Device_Library/Core/Src/usbd_ioreq.o
                0x0000000008007068                USBD_CtlContinueSendData
 .text.USBD_CtlPrepareRx
                0x000000000800708a       0x3a ./Middlewares/ST/STM32_USB_Device_Library/Core/Src/usbd_ioreq.o
                0x000000000800708a                USBD_CtlPrepareRx
 .text.USBD_CtlContinueRx
                0x00000000080070c4       0x22 ./Middlewares/ST/STM32_USB_Device_Library/Core/Src/usbd_ioreq.o
                0x00000000080070c4                USBD_CtlContinueRx
 .text.USBD_CtlSendStatus
                0x00000000080070e6       0x26 ./Middlewares/ST/STM32_USB_Device_Library/Core/Src/usbd_ioreq.o
                0x00000000080070e6                USBD_CtlSendStatus
 .text.USBD_CtlReceiveStatus
                0x000000000800710c       0x26 ./Middlewares/ST/STM32_USB_Device_Library/Core/Src/usbd_ioreq.o
                0x000000000800710c                USBD_CtlReceiveStatus
 .text.makeFreeRtosPriority
                0x0000000008007132       0x30 ./Middlewares/Third_Party/FreeRTOS/Source/CMSIS_RTOS/cmsis_os.o
 .text.inHandlerMode
                0x0000000008007162       0x24 ./Middlewares/Third_Party/FreeRTOS/Source/CMSIS_RTOS/cmsis_os.o
 .text.osKernelStart
                0x0000000008007186        0xe ./Middlewares/Third_Party/FreeRTOS/Source/CMSIS_RTOS/cmsis_os.o
                0x0000000008007186                osKernelStart
 .text.osThreadCreate
                0x0000000008007194       0x98 ./Middlewares/Third_Party/FreeRTOS/Source/CMSIS_RTOS/cmsis_os.o
                0x0000000008007194                osThreadCreate
 .text.osDelay  0x000000000800722c       0x28 ./Middlewares/Third_Party/FreeRTOS/Source/CMSIS_RTOS/cmsis_os.o
                0x000000000800722c                osDelay
 .text.osMessageCreate
                0x0000000008007254       0x50 ./Middlewares/Third_Party/FreeRTOS/Source/CMSIS_RTOS/cmsis_os.o
                0x0000000008007254                osMessageCreate
 .text.osMessagePut
                0x00000000080072a4       0x80 ./Middlewares/Third_Party/FreeRTOS/Source/CMSIS_RTOS/cmsis_os.o
                0x00000000080072a4                osMessagePut
 .text.osMessageGet
                0x0000000008007324       0xe8 ./Middlewares/Third_Party/FreeRTOS/Source/CMSIS_RTOS/cmsis_os.o
                0x0000000008007324                osMessageGet
 .text.vListInitialise
                0x000000000800740c       0x40 ./Middlewares/Third_Party/FreeRTOS/Source/list.o
                0x000000000800740c                vListInitialise
 .text.vListInitialiseItem
                0x000000000800744c       0x1a ./Middlewares/Third_Party/FreeRTOS/Source/list.o
                0x000000000800744c                vListInitialiseItem
 .text.vListInsertEnd
                0x0000000008007466       0x48 ./Middlewares/Third_Party/FreeRTOS/Source/list.o
                0x0000000008007466                vListInsertEnd
 .text.vListInsert
                0x00000000080074ae       0x72 ./Middlewares/Third_Party/FreeRTOS/Source/list.o
                0x00000000080074ae                vListInsert
 .text.uxListRemove
                0x0000000008007520       0x54 ./Middlewares/Third_Party/FreeRTOS/Source/list.o
                0x0000000008007520                uxListRemove
 .text.xQueueGenericReset
                0x0000000008007574       0xd0 ./Middlewares/Third_Party/FreeRTOS/Source/queue.o
                0x0000000008007574                xQueueGenericReset
 .text.xQueueGenericCreateStatic
                0x0000000008007644       0xf0 ./Middlewares/Third_Party/FreeRTOS/Source/queue.o
                0x0000000008007644                xQueueGenericCreateStatic
 .text.xQueueGenericCreate
                0x0000000008007734       0x74 ./Middlewares/Third_Party/FreeRTOS/Source/queue.o
                0x0000000008007734                xQueueGenericCreate
 .text.prvInitialiseNewQueue
                0x00000000080077a8       0x3e ./Middlewares/Third_Party/FreeRTOS/Source/queue.o
 *fill*         0x00000000080077e6        0x2 
 .text.xQueueGenericSend
                0x00000000080077e8      0x1fc ./Middlewares/Third_Party/FreeRTOS/Source/queue.o
                0x00000000080077e8                xQueueGenericSend
 .text.xQueueGenericSendFromISR
                0x00000000080079e4      0x136 ./Middlewares/Third_Party/FreeRTOS/Source/queue.o
                0x00000000080079e4                xQueueGenericSendFromISR
 *fill*         0x0000000008007b1a        0x2 
 .text.xQueueReceive
                0x0000000008007b1c      0x1c0 ./Middlewares/Third_Party/FreeRTOS/Source/queue.o
                0x0000000008007b1c                xQueueReceive
 .text.xQueueReceiveFromISR
                0x0000000008007cdc      0x100 ./Middlewares/Third_Party/FreeRTOS/Source/queue.o
                0x0000000008007cdc                xQueueReceiveFromISR
 .text.prvCopyDataToQueue
                0x0000000008007ddc       0xd4 ./Middlewares/Third_Party/FreeRTOS/Source/queue.o
 .text.prvCopyDataFromQueue
                0x0000000008007eb0       0x4c ./Middlewares/Third_Party/FreeRTOS/Source/queue.o
 .text.prvUnlockQueue
                0x0000000008007efc       0xa4 ./Middlewares/Third_Party/FreeRTOS/Source/queue.o
 .text.prvIsQueueEmpty
                0x0000000008007fa0       0x2c ./Middlewares/Third_Party/FreeRTOS/Source/queue.o
 .text.prvIsQueueFull
                0x0000000008007fcc       0x30 ./Middlewares/Third_Party/FreeRTOS/Source/queue.o
 .text.xTaskCreateStatic
                0x0000000008007ffc       0xba ./Middlewares/Third_Party/FreeRTOS/Source/tasks.o
                0x0000000008007ffc                xTaskCreateStatic
 .text.xTaskCreate
                0x00000000080080b6       0x8a ./Middlewares/Third_Party/FreeRTOS/Source/tasks.o
                0x00000000080080b6                xTaskCreate
 .text.prvInitialiseNewTask
                0x0000000008008140      0x13c ./Middlewares/Third_Party/FreeRTOS/Source/tasks.o
 .text.prvAddNewTaskToReadyList
                0x000000000800827c       0xd4 ./Middlewares/Third_Party/FreeRTOS/Source/tasks.o
 .text.vTaskDelay
                0x0000000008008350       0x68 ./Middlewares/Third_Party/FreeRTOS/Source/tasks.o
                0x0000000008008350                vTaskDelay
 .text.vTaskStartScheduler
                0x00000000080083b8       0xd4 ./Middlewares/Third_Party/FreeRTOS/Source/tasks.o
                0x00000000080083b8                vTaskStartScheduler
 .text.vTaskSuspendAll
                0x000000000800848c       0x1c ./Middlewares/Third_Party/FreeRTOS/Source/tasks.o
                0x000000000800848c                vTaskSuspendAll
 .text.xTaskResumeAll
                0x00000000080084a8      0x138 ./Middlewares/Third_Party/FreeRTOS/Source/tasks.o
                0x00000000080084a8                xTaskResumeAll
 .text.xTaskIncrementTick
                0x00000000080085e0      0x170 ./Middlewares/Third_Party/FreeRTOS/Source/tasks.o
                0x00000000080085e0                xTaskIncrementTick
 .text.vTaskSwitchContext
                0x0000000008008750       0xc4 ./Middlewares/Third_Party/FreeRTOS/Source/tasks.o
                0x0000000008008750                vTaskSwitchContext
 .text.vTaskPlaceOnEventList
                0x0000000008008814       0x48 ./Middlewares/Third_Party/FreeRTOS/Source/tasks.o
                0x0000000008008814                vTaskPlaceOnEventList
 .text.xTaskRemoveFromEventList
                0x000000000800885c       0xc4 ./Middlewares/Third_Party/FreeRTOS/Source/tasks.o
                0x000000000800885c                xTaskRemoveFromEventList
 .text.vTaskInternalSetTimeOutState
                0x0000000008008920       0x2c ./Middlewares/Third_Party/FreeRTOS/Source/tasks.o
                0x0000000008008920                vTaskInternalSetTimeOutState
 .text.xTaskCheckForTimeOut
                0x000000000800894c       0xc4 ./Middlewares/Third_Party/FreeRTOS/Source/tasks.o
                0x000000000800894c                xTaskCheckForTimeOut
 .text.vTaskMissedYield
                0x0000000008008a10       0x18 ./Middlewares/Third_Party/FreeRTOS/Source/tasks.o
                0x0000000008008a10                vTaskMissedYield
 .text.prvIdleTask
                0x0000000008008a28       0x30 ./Middlewares/Third_Party/FreeRTOS/Source/tasks.o
 .text.prvInitialiseTaskLists
                0x0000000008008a58       0x80 ./Middlewares/Third_Party/FreeRTOS/Source/tasks.o
 .text.prvCheckTasksWaitingTermination
                0x0000000008008ad8       0x5c ./Middlewares/Third_Party/FreeRTOS/Source/tasks.o
 .text.prvDeleteTCB
                0x0000000008008b34       0x68 ./Middlewares/Third_Party/FreeRTOS/Source/tasks.o
 .text.prvResetNextTaskUnblockTime
                0x0000000008008b9c       0x40 ./Middlewares/Third_Party/FreeRTOS/Source/tasks.o
 .text.xTaskGetSchedulerState
                0x0000000008008bdc       0x3c ./Middlewares/Third_Party/FreeRTOS/Source/tasks.o
                0x0000000008008bdc                xTaskGetSchedulerState
 .text.xTaskPriorityDisinherit
                0x0000000008008c18      0x10c ./Middlewares/Third_Party/FreeRTOS/Source/tasks.o
                0x0000000008008c18                xTaskPriorityDisinherit
 .text.prvAddCurrentTaskToDelayedList
                0x0000000008008d24       0xcc ./Middlewares/Third_Party/FreeRTOS/Source/tasks.o
 .text.pxPortInitialiseStack
                0x0000000008008df0       0x68 ./Middlewares/Third_Party/FreeRTOS/Source/portable/GCC/ARM_CM4F/port.o
                0x0000000008008df0                pxPortInitialiseStack
 .text.prvTaskExitError
                0x0000000008008e58       0x58 ./Middlewares/Third_Party/FreeRTOS/Source/portable/GCC/ARM_CM4F/port.o
 .text.SVC_Handler
                0x0000000008008eb0       0x28 ./Middlewares/Third_Party/FreeRTOS/Source/portable/GCC/ARM_CM4F/port.o
                0x0000000008008eb0                SVC_Handler
 .text.prvPortStartFirstTask
                0x0000000008008ed8       0x28 ./Middlewares/Third_Party/FreeRTOS/Source/portable/GCC/ARM_CM4F/port.o
 .text.xPortStartScheduler
                0x0000000008008f00      0x144 ./Middlewares/Third_Party/FreeRTOS/Source/portable/GCC/ARM_CM4F/port.o
                0x0000000008008f00                xPortStartScheduler
 .text.vPortEnterCritical
                0x0000000008009044       0x60 ./Middlewares/Third_Party/FreeRTOS/Source/portable/GCC/ARM_CM4F/port.o
                0x0000000008009044                vPortEnterCritical
 .text.vPortExitCritical
                0x00000000080090a4       0x54 ./Middlewares/Third_Party/FreeRTOS/Source/portable/GCC/ARM_CM4F/port.o
                0x00000000080090a4                vPortExitCritical
 *fill*         0x00000000080090f8        0x8 
 .text.PendSV_Handler
                0x0000000008009100       0x68 ./Middlewares/Third_Party/FreeRTOS/Source/portable/GCC/ARM_CM4F/port.o
                0x0000000008009100                PendSV_Handler
 .text.SysTick_Handler
                0x0000000008009168       0x44 ./Middlewares/Third_Party/FreeRTOS/Source/portable/GCC/ARM_CM4F/port.o
                0x0000000008009168                SysTick_Handler
 .text.vPortSetupTimerInterrupt
                0x00000000080091ac       0x48 ./Middlewares/Third_Party/FreeRTOS/Source/portable/GCC/ARM_CM4F/port.o
                0x00000000080091ac                vPortSetupTimerInterrupt
 .text.vPortEnableVFP
                0x00000000080091f4       0x14 ./Middlewares/Third_Party/FreeRTOS/Source/portable/GCC/ARM_CM4F/port.o
 .text.vPortValidateInterruptPriority
                0x0000000008009208       0x80 ./Middlewares/Third_Party/FreeRTOS/Source/portable/GCC/ARM_CM4F/port.o
                0x0000000008009208                vPortValidateInterruptPriority
 .text.pvPortMalloc
                0x0000000008009288      0x198 ./Middlewares/Third_Party/FreeRTOS/Source/portable/MemMang/heap_4.o
                0x0000000008009288                pvPortMalloc
 .text.vPortFree
                0x0000000008009420       0xc4 ./Middlewares/Third_Party/FreeRTOS/Source/portable/MemMang/heap_4.o
                0x0000000008009420                vPortFree
 .text.prvHeapInit
                0x00000000080094e4       0xc4 ./Middlewares/Third_Party/FreeRTOS/Source/portable/MemMang/heap_4.o
 .text.prvInsertBlockIntoFreeList
                0x00000000080095a8       0xb4 ./Middlewares/Third_Party/FreeRTOS/Source/portable/MemMang/heap_4.o
 .text.MX_USB_DEVICE_Init
                0x000000000800965c       0x60 ./USB_DEVICE/App/usb_device.o
                0x000000000800965c                MX_USB_DEVICE_Init
 .text.CDC_Init_FS
                0x00000000080096bc       0x28 ./USB_DEVICE/App/usbd_cdc_if.o
 .text.CDC_DeInit_FS
                0x00000000080096e4       0x10 ./USB_DEVICE/App/usbd_cdc_if.o
 .text.CDC_Control_FS
                0x00000000080096f4       0xbc ./USB_DEVICE/App/usbd_cdc_if.o
 .text.CDC_Receive_FS
                0x00000000080097b0       0x30 ./USB_DEVICE/App/usbd_cdc_if.o
 .text.CDC_Transmit_FS
                0x00000000080097e0       0x4c ./USB_DEVICE/App/usbd_cdc_if.o
                0x00000000080097e0                CDC_Transmit_FS
 .text.CDC_TransmitCplt_FS
                0x000000000800982c       0x22 ./USB_DEVICE/App/usbd_cdc_if.o
 *fill*         0x000000000800984e        0x2 
 .text.USBD_FS_DeviceDescriptor
                0x0000000008009850       0x24 ./USB_DEVICE/App/usbd_desc.o
                0x0000000008009850                USBD_FS_DeviceDescriptor
 .text.USBD_FS_LangIDStrDescriptor
                0x0000000008009874       0x24 ./USB_DEVICE/App/usbd_desc.o
                0x0000000008009874                USBD_FS_LangIDStrDescriptor
 .text.USBD_FS_ProductStrDescriptor
                0x0000000008009898       0x3c ./USB_DEVICE/App/usbd_desc.o
                0x0000000008009898                USBD_FS_ProductStrDescriptor
 .text.USBD_FS_ManufacturerStrDescriptor
                0x00000000080098d4       0x28 ./USB_DEVICE/App/usbd_desc.o
                0x00000000080098d4                USBD_FS_ManufacturerStrDescriptor
 .text.USBD_FS_SerialStrDescriptor
                0x00000000080098fc       0x24 ./USB_DEVICE/App/usbd_desc.o
                0x00000000080098fc                USBD_FS_SerialStrDescriptor
 .text.USBD_FS_ConfigStrDescriptor
                0x0000000008009920       0x3c ./USB_DEVICE/App/usbd_desc.o
                0x0000000008009920                USBD_FS_ConfigStrDescriptor
 .text.USBD_FS_InterfaceStrDescriptor
                0x000000000800995c       0x3c ./USB_DEVICE/App/usbd_desc.o
                0x000000000800995c                USBD_FS_InterfaceStrDescriptor
 .text.USBD_FS_USR_BOSDescriptor
                0x0000000008009998       0x24 ./USB_DEVICE/App/usbd_desc.o
                0x0000000008009998                USBD_FS_USR_BOSDescriptor
 .text.Get_SerialNum
                0x00000000080099bc       0x58 ./USB_DEVICE/App/usbd_desc.o
 .text.IntToUnicode
                0x0000000008009a14       0x7e ./USB_DEVICE/App/usbd_desc.o
 *fill*         0x0000000008009a92        0x2 
 .text.HAL_PCD_MspInit
                0x0000000008009a94       0xf0 ./USB_DEVICE/Target/usbd_conf.o
                0x0000000008009a94                HAL_PCD_MspInit
 .text.HAL_PCD_SetupStageCallback
                0x0000000008009b84       0x24 ./USB_DEVICE/Target/usbd_conf.o
                0x0000000008009b84                HAL_PCD_SetupStageCallback
 .text.HAL_PCD_DataOutStageCallback
                0x0000000008009ba8       0x36 ./USB_DEVICE/Target/usbd_conf.o
                0x0000000008009ba8                HAL_PCD_DataOutStageCallback
 .text.HAL_PCD_DataInStageCallback
                0x0000000008009bde       0x34 ./USB_DEVICE/Target/usbd_conf.o
                0x0000000008009bde                HAL_PCD_DataInStageCallback
 .text.HAL_PCD_SOFCallback
                0x0000000008009c12       0x1c ./USB_DEVICE/Target/usbd_conf.o
                0x0000000008009c12                HAL_PCD_SOFCallback
 .text.HAL_PCD_ResetCallback
                0x0000000008009c2e       0x50 ./USB_DEVICE/Target/usbd_conf.o
                0x0000000008009c2e                HAL_PCD_ResetCallback
 *fill*         0x0000000008009c7e        0x2 
 .text.HAL_PCD_SuspendCallback
                0x0000000008009c80       0x4c ./USB_DEVICE/Target/usbd_conf.o
                0x0000000008009c80                HAL_PCD_SuspendCallback
 .text.HAL_PCD_ResumeCallback
                0x0000000008009ccc       0x1c ./USB_DEVICE/Target/usbd_conf.o
                0x0000000008009ccc                HAL_PCD_ResumeCallback
 .text.HAL_PCD_ISOOUTIncompleteCallback
                0x0000000008009ce8       0x24 ./USB_DEVICE/Target/usbd_conf.o
                0x0000000008009ce8                HAL_PCD_ISOOUTIncompleteCallback
 .text.HAL_PCD_ISOINIncompleteCallback
                0x0000000008009d0c       0x24 ./USB_DEVICE/Target/usbd_conf.o
                0x0000000008009d0c                HAL_PCD_ISOINIncompleteCallback
 .text.HAL_PCD_ConnectCallback
                0x0000000008009d30       0x1c ./USB_DEVICE/Target/usbd_conf.o
                0x0000000008009d30                HAL_PCD_ConnectCallback
 .text.HAL_PCD_DisconnectCallback
                0x0000000008009d4c       0x1c ./USB_DEVICE/Target/usbd_conf.o
                0x0000000008009d4c                HAL_PCD_DisconnectCallback
 .text.USBD_LL_Init
                0x0000000008009d68       0x98 ./USB_DEVICE/Target/usbd_conf.o
                0x0000000008009d68                USBD_LL_Init
 .text.USBD_LL_Start
                0x0000000008009e00       0x36 ./USB_DEVICE/Target/usbd_conf.o
                0x0000000008009e00                USBD_LL_Start
 .text.USBD_LL_OpenEP
                0x0000000008009e36       0x4c ./USB_DEVICE/Target/usbd_conf.o
                0x0000000008009e36                USBD_LL_OpenEP
 .text.USBD_LL_CloseEP
                0x0000000008009e82       0x3e ./USB_DEVICE/Target/usbd_conf.o
                0x0000000008009e82                USBD_LL_CloseEP
 .text.USBD_LL_StallEP
                0x0000000008009ec0       0x3e ./USB_DEVICE/Target/usbd_conf.o
                0x0000000008009ec0                USBD_LL_StallEP
 .text.USBD_LL_ClearStallEP
                0x0000000008009efe       0x3e ./USB_DEVICE/Target/usbd_conf.o
                0x0000000008009efe                USBD_LL_ClearStallEP
 .text.USBD_LL_IsStallEP
                0x0000000008009f3c       0x58 ./USB_DEVICE/Target/usbd_conf.o
                0x0000000008009f3c                USBD_LL_IsStallEP
 .text.USBD_LL_SetUSBAddress
                0x0000000008009f94       0x3e ./USB_DEVICE/Target/usbd_conf.o
                0x0000000008009f94                USBD_LL_SetUSBAddress
 .text.USBD_LL_Transmit
                0x0000000008009fd2       0x42 ./USB_DEVICE/Target/usbd_conf.o
                0x0000000008009fd2                USBD_LL_Transmit
 .text.USBD_LL_PrepareReceive
                0x000000000800a014       0x42 ./USB_DEVICE/Target/usbd_conf.o
                0x000000000800a014                USBD_LL_PrepareReceive
 .text.USBD_LL_GetRxDataSize
                0x000000000800a056       0x26 ./USB_DEVICE/Target/usbd_conf.o
                0x000000000800a056                USBD_LL_GetRxDataSize
 .text.HAL_PCDEx_LPM_Callback
                0x000000000800a07c       0x9c ./USB_DEVICE/Target/usbd_conf.o
                0x000000000800a07c                HAL_PCDEx_LPM_Callback
 .text.USBD_static_malloc
                0x000000000800a118       0x1c ./USB_DEVICE/Target/usbd_conf.o
                0x000000000800a118                USBD_static_malloc
 .text.USBD_static_free
                0x000000000800a134       0x14 ./USB_DEVICE/Target/usbd_conf.o
                0x000000000800a134                USBD_static_free
 .text.USBD_Get_USB_Status
                0x000000000800a148       0x58 ./USB_DEVICE/Target/usbd_conf.o
                0x000000000800a148                USBD_Get_USB_Status
 .text.__libc_init_array
                0x000000000800a1a0       0x48 d:/stm32cubeide_1.7.0/stm32cubeide/plugins/com.st.stm32cube.ide.mcu.externaltools.gnu-tools-for-stm32.9-2020-q2-update.win32_2.0.0.202105311346/tools/bin/../lib/gcc/arm-none-eabi/9.3.1/../../../../arm-none-eabi/lib/thumb/v7e-m+fp/hard\libc_nano.a(lib_a-init.o)
                0x000000000800a1a0                __libc_init_array
 .text.__retarget_lock_acquire_recursive
                0x000000000800a1e8        0x2 d:/stm32cubeide_1.7.0/stm32cubeide/plugins/com.st.stm32cube.ide.mcu.externaltools.gnu-tools-for-stm32.9-2020-q2-update.win32_2.0.0.202105311346/tools/bin/../lib/gcc/arm-none-eabi/9.3.1/../../../../arm-none-eabi/lib/thumb/v7e-m+fp/hard\libc_nano.a(lib_a-lock.o)
                0x000000000800a1e8                __retarget_lock_acquire_recursive
 .text.__retarget_lock_release_recursive
                0x000000000800a1ea        0x2 d:/stm32cubeide_1.7.0/stm32cubeide/plugins/com.st.stm32cube.ide.mcu.externaltools.gnu-tools-for-stm32.9-2020-q2-update.win32_2.0.0.202105311346/tools/bin/../lib/gcc/arm-none-eabi/9.3.1/../../../../arm-none-eabi/lib/thumb/v7e-m+fp/hard\libc_nano.a(lib_a-lock.o)
                0x000000000800a1ea                __retarget_lock_release_recursive
 .text.memcpy   0x000000000800a1ec       0x1c d:/stm32cubeide_1.7.0/stm32cubeide/plugins/com.st.stm32cube.ide.mcu.externaltools.gnu-tools-for-stm32.9-2020-q2-update.win32_2.0.0.202105311346/tools/bin/../lib/gcc/arm-none-eabi/9.3.1/../../../../arm-none-eabi/lib/thumb/v7e-m+fp/hard\libc_nano.a(lib_a-memcpy-stub.o)
                0x000000000800a1ec                memcpy
 .text.memset   0x000000000800a208       0x10 d:/stm32cubeide_1.7.0/stm32cubeide/plugins/com.st.stm32cube.ide.mcu.externaltools.gnu-tools-for-stm32.9-2020-q2-update.win32_2.0.0.202105311346/tools/bin/../lib/gcc/arm-none-eabi/9.3.1/../../../../arm-none-eabi/lib/thumb/v7e-m+fp/hard\libc_nano.a(lib_a-memset.o)
                0x000000000800a208                memset
 .text.cleanup_glue
                0x000000000800a218       0x1a d:/stm32cubeide_1.7.0/stm32cubeide/plugins/com.st.stm32cube.ide.mcu.externaltools.gnu-tools-for-stm32.9-2020-q2-update.win32_2.0.0.202105311346/tools/bin/../lib/gcc/arm-none-eabi/9.3.1/../../../../arm-none-eabi/lib/thumb/v7e-m+fp/hard\libc_nano.a(lib_a-reent.o)
                0x000000000800a218                cleanup_glue
 *fill*         0x000000000800a232        0x2 
 .text._reclaim_reent
                0x000000000800a234       0xb8 d:/stm32cubeide_1.7.0/stm32cubeide/plugins/com.st.stm32cube.ide.mcu.externaltools.gnu-tools-for-stm32.9-2020-q2-update.win32_2.0.0.202105311346/tools/bin/../lib/gcc/arm-none-eabi/9.3.1/../../../../arm-none-eabi/lib/thumb/v7e-m+fp/hard\libc_nano.a(lib_a-reent.o)
                0x000000000800a234                _reclaim_reent
 .text.__malloc_lock
                0x000000000800a2ec        0xc d:/stm32cubeide_1.7.0/stm32cubeide/plugins/com.st.stm32cube.ide.mcu.externaltools.gnu-tools-for-stm32.9-2020-q2-update.win32_2.0.0.202105311346/tools/bin/../lib/gcc/arm-none-eabi/9.3.1/../../../../arm-none-eabi/lib/thumb/v7e-m+fp/hard\libc_nano.a(lib_a-mlock.o)
                0x000000000800a2ec                __malloc_lock
 .text.__malloc_unlock
                0x000000000800a2f8        0xc d:/stm32cubeide_1.7.0/stm32cubeide/plugins/com.st.stm32cube.ide.mcu.externaltools.gnu-tools-for-stm32.9-2020-q2-update.win32_2.0.0.202105311346/tools/bin/../lib/gcc/arm-none-eabi/9.3.1/../../../../arm-none-eabi/lib/thumb/v7e-m+fp/hard\libc_nano.a(lib_a-mlock.o)
                0x000000000800a2f8                __malloc_unlock
 .text._free_r  0x000000000800a304       0xa0 d:/stm32cubeide_1.7.0/stm32cubeide/plugins/com.st.stm32cube.ide.mcu.externaltools.gnu-tools-for-stm32.9-2020-q2-update.win32_2.0.0.202105311346/tools/bin/../lib/gcc/arm-none-eabi/9.3.1/../../../../arm-none-eabi/lib/thumb/v7e-m+fp/hard\libc_nano.a(lib_a-nano-freer.o)
                0x000000000800a304                _free_r
 *(.glue_7)
 .glue_7        0x000000000800a3a4        0x0 linker stubs
 *(.glue_7t)
 .glue_7t       0x000000000800a3a4        0x0 linker stubs
 *(.eh_frame)
 .eh_frame      0x000000000800a3a4        0x0 d:/stm32cubeide_1.7.0/stm32cubeide/plugins/com.st.stm32cube.ide.mcu.externaltools.gnu-tools-for-stm32.9-2020-q2-update.win32_2.0.0.202105311346/tools/bin/../lib/gcc/arm-none-eabi/9.3.1/thumb/v7e-m+fp/hard/crtbegin.o
 *(.init)
 .init          0x000000000800a3a4        0x4 d:/stm32cubeide_1.7.0/stm32cubeide/plugins/com.st.stm32cube.ide.mcu.externaltools.gnu-tools-for-stm32.9-2020-q2-update.win32_2.0.0.202105311346/tools/bin/../lib/gcc/arm-none-eabi/9.3.1/thumb/v7e-m+fp/hard/crti.o
                0x000000000800a3a4                _init
 .init          0x000000000800a3a8        0x8 d:/stm32cubeide_1.7.0/stm32cubeide/plugins/com.st.stm32cube.ide.mcu.externaltools.gnu-tools-for-stm32.9-2020-q2-update.win32_2.0.0.202105311346/tools/bin/../lib/gcc/arm-none-eabi/9.3.1/thumb/v7e-m+fp/hard/crtn.o
 *(.fini)
 .fini          0x000000000800a3b0        0x4 d:/stm32cubeide_1.7.0/stm32cubeide/plugins/com.st.stm32cube.ide.mcu.externaltools.gnu-tools-for-stm32.9-2020-q2-update.win32_2.0.0.202105311346/tools/bin/../lib/gcc/arm-none-eabi/9.3.1/thumb/v7e-m+fp/hard/crti.o
                0x000000000800a3b0                _fini
 .fini          0x000000000800a3b4        0x8 d:/stm32cubeide_1.7.0/stm32cubeide/plugins/com.st.stm32cube.ide.mcu.externaltools.gnu-tools-for-stm32.9-2020-q2-update.win32_2.0.0.202105311346/tools/bin/../lib/gcc/arm-none-eabi/9.3.1/thumb/v7e-m+fp/hard/crtn.o
                0x000000000800a3bc                . = ALIGN (0x4)
                0x000000000800a3bc                _etext = .

.vfp11_veneer   0x000000000800a3bc        0x0
 .vfp11_veneer  0x000000000800a3bc        0x0 linker stubs

.v4_bx          0x000000000800a3bc        0x0
 .v4_bx         0x000000000800a3bc        0x0 linker stubs

.iplt           0x000000000800a3bc        0x0
 .iplt          0x000000000800a3bc        0x0 d:/stm32cubeide_1.7.0/stm32cubeide/plugins/com.st.stm32cube.ide.mcu.externaltools.gnu-tools-for-stm32.9-2020-q2-update.win32_2.0.0.202105311346/tools/bin/../lib/gcc/arm-none-eabi/9.3.1/thumb/v7e-m+fp/hard/crtbegin.o

.rodata         0x000000000800a3bc      0x124
                0x000000000800a3bc                . = ALIGN (0x4)
 *(.rodata)
 .rodata        0x000000000800a3bc       0x5c ./Core/Src/freertos.o
 .rodata        0x000000000800a418        0x5 ./Middlewares/Third_Party/FreeRTOS/Source/tasks.o
 *fill*         0x000000000800a41d        0x3 
 .rodata        0x000000000800a420       0x46 ./USB_DEVICE/App/usbd_desc.o
 *(.rodata*)
 *fill*         0x000000000800a466        0x2 
 .rodata.AHBPrescTable
                0x000000000800a468       0x10 ./Core/Src/system_stm32f4xx.o
                0x000000000800a468                AHBPrescTable
 .rodata.APBPrescTable
                0x000000000800a478        0x8 ./Core/Src/system_stm32f4xx.o
                0x000000000800a478                APBPrescTable
 .rodata.__sf_fake_stderr
                0x000000000800a480       0x20 d:/stm32cubeide_1.7.0/stm32cubeide/plugins/com.st.stm32cube.ide.mcu.externaltools.gnu-tools-for-stm32.9-2020-q2-update.win32_2.0.0.202105311346/tools/bin/../lib/gcc/arm-none-eabi/9.3.1/../../../../arm-none-eabi/lib/thumb/v7e-m+fp/hard\libc_nano.a(lib_a-findfp.o)
                0x000000000800a480                __sf_fake_stderr
 .rodata.__sf_fake_stdin
                0x000000000800a4a0       0x20 d:/stm32cubeide_1.7.0/stm32cubeide/plugins/com.st.stm32cube.ide.mcu.externaltools.gnu-tools-for-stm32.9-2020-q2-update.win32_2.0.0.202105311346/tools/bin/../lib/gcc/arm-none-eabi/9.3.1/../../../../arm-none-eabi/lib/thumb/v7e-m+fp/hard\libc_nano.a(lib_a-findfp.o)
                0x000000000800a4a0                __sf_fake_stdin
 .rodata.__sf_fake_stdout
                0x000000000800a4c0       0x20 d:/stm32cubeide_1.7.0/stm32cubeide/plugins/com.st.stm32cube.ide.mcu.externaltools.gnu-tools-for-stm32.9-2020-q2-update.win32_2.0.0.202105311346/tools/bin/../lib/gcc/arm-none-eabi/9.3.1/../../../../arm-none-eabi/lib/thumb/v7e-m+fp/hard\libc_nano.a(lib_a-findfp.o)
                0x000000000800a4c0                __sf_fake_stdout
                0x000000000800a4e0                . = ALIGN (0x4)

.ARM.extab      0x000000000800a4e0        0x0
                0x000000000800a4e0                . = ALIGN (0x4)
 *(.ARM.extab* .gnu.linkonce.armextab.*)
                0x000000000800a4e0                . = ALIGN (0x4)

.ARM            0x000000000800a4e0        0x8
                0x000000000800a4e0                . = ALIGN (0x4)
                0x000000000800a4e0                __exidx_start = .
 *(.ARM.exidx*)
 .ARM.exidx     0x000000000800a4e0        0x8 d:/stm32cubeide_1.7.0/stm32cubeide/plugins/com.st.stm32cube.ide.mcu.externaltools.gnu-tools-for-stm32.9-2020-q2-update.win32_2.0.0.202105311346/tools/bin/../lib/gcc/arm-none-eabi/9.3.1/thumb/v7e-m+fp/hard\libgcc.a(_udivmoddi4.o)
                0x000000000800a4e8                __exidx_end = .
                0x000000000800a4e8                . = ALIGN (0x4)

.rel.dyn        0x000000000800a4e8        0x0
 .rel.iplt      0x000000000800a4e8        0x0 d:/stm32cubeide_1.7.0/stm32cubeide/plugins/com.st.stm32cube.ide.mcu.externaltools.gnu-tools-for-stm32.9-2020-q2-update.win32_2.0.0.202105311346/tools/bin/../lib/gcc/arm-none-eabi/9.3.1/thumb/v7e-m+fp/hard/crtbegin.o

.preinit_array  0x000000000800a4e8        0x0
                0x000000000800a4e8                . = ALIGN (0x4)
                0x000000000800a4e8                PROVIDE (__preinit_array_start = .)
 *(.preinit_array*)
                0x000000000800a4e8                PROVIDE (__preinit_array_end = .)
                0x000000000800a4e8                . = ALIGN (0x4)

.init_array     0x000000000800a4e8        0x4
                0x000000000800a4e8                . = ALIGN (0x4)
                0x000000000800a4e8                PROVIDE (__init_array_start = .)
 *(SORT_BY_NAME(.init_array.*))
 *(.init_array*)
 .init_array    0x000000000800a4e8        0x4 d:/stm32cubeide_1.7.0/stm32cubeide/plugins/com.st.stm32cube.ide.mcu.externaltools.gnu-tools-for-stm32.9-2020-q2-update.win32_2.0.0.202105311346/tools/bin/../lib/gcc/arm-none-eabi/9.3.1/thumb/v7e-m+fp/hard/crtbegin.o
                0x000000000800a4ec                PROVIDE (__init_array_end = .)
                0x000000000800a4ec                . = ALIGN (0x4)

.fini_array     0x000000000800a4ec        0x4
                0x000000000800a4ec                . = ALIGN (0x4)
                [!provide]                        PROVIDE (__fini_array_start = .)
 *(SORT_BY_NAME(.fini_array.*))
 *(.fini_array*)
 .fini_array    0x000000000800a4ec        0x4 d:/stm32cubeide_1.7.0/stm32cubeide/plugins/com.st.stm32cube.ide.mcu.externaltools.gnu-tools-for-stm32.9-2020-q2-update.win32_2.0.0.202105311346/tools/bin/../lib/gcc/arm-none-eabi/9.3.1/thumb/v7e-m+fp/hard/crtbegin.o
                [!provide]                        PROVIDE (__fini_array_end = .)
                0x000000000800a4f0                . = ALIGN (0x4)
                0x000000000800a4f0                _sidata = LOADADDR (.data)

.data           0x0000000020000000      0x1f8 load address 0x000000000800a4f0
                0x0000000020000000                . = ALIGN (0x4)
                0x0000000020000000                _sdata = .
 *(.data)
 *(.data*)
 .data.SystemCoreClock
                0x0000000020000000        0x4 ./Core/Src/system_stm32f4xx.o
                0x0000000020000000                SystemCoreClock
 .data.uwTickPrio
                0x0000000020000004        0x4 ./Drivers/STM32F4xx_HAL_Driver/Src/stm32f4xx_hal.o
                0x0000000020000004                uwTickPrio
 .data.uwTickFreq
                0x0000000020000008        0x1 ./Drivers/STM32F4xx_HAL_Driver/Src/stm32f4xx_hal.o
                0x0000000020000008                uwTickFreq
 *fill*         0x0000000020000009        0x3 
 .data.USBD_CDC_DeviceQualifierDesc
                0x000000002000000c        0xa ./Middlewares/ST/STM32_USB_Device_Library/Class/CDC/Src/usbd_cdc.o
 *fill*         0x0000000020000016        0x2 
 .data.USBD_CDC
                0x0000000020000018       0x38 ./Middlewares/ST/STM32_USB_Device_Library/Class/CDC/Src/usbd_cdc.o
                0x0000000020000018                USBD_CDC
 .data.USBD_CDC_CfgHSDesc
                0x0000000020000050       0x43 ./Middlewares/ST/STM32_USB_Device_Library/Class/CDC/Src/usbd_cdc.o
 *fill*         0x0000000020000093        0x1 
 .data.USBD_CDC_CfgFSDesc
                0x0000000020000094       0x43 ./Middlewares/ST/STM32_USB_Device_Library/Class/CDC/Src/usbd_cdc.o
 *fill*         0x00000000200000d7        0x1 
 .data.USBD_CDC_OtherSpeedCfgDesc
                0x00000000200000d8       0x43 ./Middlewares/ST/STM32_USB_Device_Library/Class/CDC/Src/usbd_cdc.o
 *fill*         0x000000002000011b        0x1 
 .data.uxCriticalNesting
                0x000000002000011c        0x4 ./Middlewares/Third_Party/FreeRTOS/Source/portable/GCC/ARM_CM4F/port.o
 .data.USBD_Interface_fops_FS
                0x0000000020000120       0x14 ./USB_DEVICE/App/usbd_cdc_if.o
                0x0000000020000120                USBD_Interface_fops_FS
 .data.FS_Desc  0x0000000020000134       0x20 ./USB_DEVICE/App/usbd_desc.o
                0x0000000020000134                FS_Desc
 .data.USBD_FS_DeviceDesc
                0x0000000020000154       0x12 ./USB_DEVICE/App/usbd_desc.o
                0x0000000020000154                USBD_FS_DeviceDesc
 *fill*         0x0000000020000166        0x2 
 .data.USBD_FS_BOSDesc
                0x0000000020000168        0xc ./USB_DEVICE/App/usbd_desc.o
                0x0000000020000168                USBD_FS_BOSDesc
 .data.USBD_LangIDDesc
                0x0000000020000174        0x4 ./USB_DEVICE/App/usbd_desc.o
                0x0000000020000174                USBD_LangIDDesc
 .data.USBD_StringSerial
                0x0000000020000178       0x1a ./USB_DEVICE/App/usbd_desc.o
                0x0000000020000178                USBD_StringSerial
 *fill*         0x0000000020000192        0x2 
 .data._impure_ptr
                0x0000000020000194        0x4 d:/stm32cubeide_1.7.0/stm32cubeide/plugins/com.st.stm32cube.ide.mcu.externaltools.gnu-tools-for-stm32.9-2020-q2-update.win32_2.0.0.202105311346/tools/bin/../lib/gcc/arm-none-eabi/9.3.1/../../../../arm-none-eabi/lib/thumb/v7e-m+fp/hard\libc_nano.a(lib_a-impure.o)
                0x0000000020000194                _impure_ptr
 .data.impure_data
                0x0000000020000198       0x60 d:/stm32cubeide_1.7.0/stm32cubeide/plugins/com.st.stm32cube.ide.mcu.externaltools.gnu-tools-for-stm32.9-2020-q2-update.win32_2.0.0.202105311346/tools/bin/../lib/gcc/arm-none-eabi/9.3.1/../../../../arm-none-eabi/lib/thumb/v7e-m+fp/hard\libc_nano.a(lib_a-impure.o)
 *(.RamFunc)
 *(.RamFunc*)
                0x00000000200001f8                . = ALIGN (0x4)
                0x00000000200001f8                _edata = .

.igot.plt       0x00000000200001f8        0x0 load address 0x000000000800a6e8
 .igot.plt      0x00000000200001f8        0x0 d:/stm32cubeide_1.7.0/stm32cubeide/plugins/com.st.stm32cube.ide.mcu.externaltools.gnu-tools-for-stm32.9-2020-q2-update.win32_2.0.0.202105311346/tools/bin/../lib/gcc/arm-none-eabi/9.3.1/thumb/v7e-m+fp/hard/crtbegin.o
                0x00000000200001f8                . = ALIGN (0x4)

.bss            0x00000000200001f8     0x5bcc load address 0x000000000800a6e8
                0x00000000200001f8                _sbss = .
                0x00000000200001f8                __bss_start__ = _sbss
 *(.bss)
 .bss           0x00000000200001f8       0x1c d:/stm32cubeide_1.7.0/stm32cubeide/plugins/com.st.stm32cube.ide.mcu.externaltools.gnu-tools-for-stm32.9-2020-q2-update.win32_2.0.0.202105311346/tools/bin/../lib/gcc/arm-none-eabi/9.3.1/thumb/v7e-m+fp/hard/crtbegin.o
 *(.bss*)
 .bss.xIdleTaskTCBBuffer
                0x0000000020000214       0xb4 ./Core/Src/freertos.o
 .bss.xIdleStack
                0x00000000200002c8      0x200 ./Core/Src/freertos.o
 .bss.cfgidx.10663
                0x00000000200004c8        0x1 ./Middlewares/ST/STM32_USB_Device_Library/Core/Src/usbd_ctlreq.o
 *fill*         0x00000000200004c9        0x3 
 .bss.pxCurrentTCB
                0x00000000200004cc        0x4 ./Middlewares/Third_Party/FreeRTOS/Source/tasks.o
                0x00000000200004cc                pxCurrentTCB
 .bss.pxReadyTasksLists
                0x00000000200004d0       0x8c ./Middlewares/Third_Party/FreeRTOS/Source/tasks.o
 .bss.xDelayedTaskList1
                0x000000002000055c       0x14 ./Middlewares/Third_Party/FreeRTOS/Source/tasks.o
 .bss.xDelayedTaskList2
                0x0000000020000570       0x14 ./Middlewares/Third_Party/FreeRTOS/Source/tasks.o
 .bss.pxDelayedTaskList
                0x0000000020000584        0x4 ./Middlewares/Third_Party/FreeRTOS/Source/tasks.o
 .bss.pxOverflowDelayedTaskList
                0x0000000020000588        0x4 ./Middlewares/Third_Party/FreeRTOS/Source/tasks.o
 .bss.xPendingReadyList
                0x000000002000058c       0x14 ./Middlewares/Third_Party/FreeRTOS/Source/tasks.o
 .bss.xTasksWaitingTermination
                0x00000000200005a0       0x14 ./Middlewares/Third_Party/FreeRTOS/Source/tasks.o
 .bss.uxDeletedTasksWaitingCleanUp
                0x00000000200005b4        0x4 ./Middlewares/Third_Party/FreeRTOS/Source/tasks.o
 .bss.xSuspendedTaskList
                0x00000000200005b8       0x14 ./Middlewares/Third_Party/FreeRTOS/Source/tasks.o
 .bss.uxCurrentNumberOfTasks
                0x00000000200005cc        0x4 ./Middlewares/Third_Party/FreeRTOS/Source/tasks.o
 .bss.xTickCount
                0x00000000200005d0        0x4 ./Middlewares/Third_Party/FreeRTOS/Source/tasks.o
 .bss.uxTopReadyPriority
                0x00000000200005d4        0x4 ./Middlewares/Third_Party/FreeRTOS/Source/tasks.o
 .bss.xSchedulerRunning
                0x00000000200005d8        0x4 ./Middlewares/Third_Party/FreeRTOS/Source/tasks.o
 .bss.xPendedTicks
                0x00000000200005dc        0x4 ./Middlewares/Third_Party/FreeRTOS/Source/tasks.o
 .bss.xYieldPending
                0x00000000200005e0        0x4 ./Middlewares/Third_Party/FreeRTOS/Source/tasks.o
 .bss.xNumOfOverflows
                0x00000000200005e4        0x4 ./Middlewares/Third_Party/FreeRTOS/Source/tasks.o
 .bss.uxTaskNumber
                0x00000000200005e8        0x4 ./Middlewares/Third_Party/FreeRTOS/Source/tasks.o
 .bss.xNextTaskUnblockTime
                0x00000000200005ec        0x4 ./Middlewares/Third_Party/FreeRTOS/Source/tasks.o
 .bss.xIdleTaskHandle
                0x00000000200005f0        0x4 ./Middlewares/Third_Party/FreeRTOS/Source/tasks.o
 .bss.uxSchedulerSuspended
                0x00000000200005f4        0x4 ./Middlewares/Third_Party/FreeRTOS/Source/tasks.o
 .bss.ucMaxSysCallPriority
                0x00000000200005f8        0x1 ./Middlewares/Third_Party/FreeRTOS/Source/portable/GCC/ARM_CM4F/port.o
 *fill*         0x00000000200005f9        0x3 
 .bss.ulMaxPRIGROUPValue
                0x00000000200005fc        0x4 ./Middlewares/Third_Party/FreeRTOS/Source/portable/GCC/ARM_CM4F/port.o
 .bss.ucHeap    0x0000000020000600     0x3c00 ./Middlewares/Third_Party/FreeRTOS/Source/portable/MemMang/heap_4.o
 .bss.xStart    0x0000000020004200        0x8 ./Middlewares/Third_Party/FreeRTOS/Source/portable/MemMang/heap_4.o
 .bss.pxEnd     0x0000000020004208        0x4 ./Middlewares/Third_Party/FreeRTOS/Source/portable/MemMang/heap_4.o
 .bss.xFreeBytesRemaining
                0x000000002000420c        0x4 ./Middlewares/Third_Party/FreeRTOS/Source/portable/MemMang/heap_4.o
 .bss.xMinimumEverFreeBytesRemaining
                0x0000000020004210        0x4 ./Middlewares/Third_Party/FreeRTOS/Source/portable/MemMang/heap_4.o
 .bss.xNumberOfSuccessfulAllocations
                0x0000000020004214        0x4 ./Middlewares/Third_Party/FreeRTOS/Source/portable/MemMang/heap_4.o
 .bss.xNumberOfSuccessfulFrees
                0x0000000020004218        0x4 ./Middlewares/Third_Party/FreeRTOS/Source/portable/MemMang/heap_4.o
 .bss.xBlockAllocatedBit
                0x000000002000421c        0x4 ./Middlewares/Third_Party/FreeRTOS/Source/portable/MemMang/heap_4.o
 .bss.mem.10739
                0x0000000020004220      0x220 ./USB_DEVICE/Target/usbd_conf.o
 .bss.__malloc_free_list
                0x0000000020004440        0x4 d:/stm32cubeide_1.7.0/stm32cubeide/plugins/com.st.stm32cube.ide.mcu.externaltools.gnu-tools-for-stm32.9-2020-q2-update.win32_2.0.0.202105311346/tools/bin/../lib/gcc/arm-none-eabi/9.3.1/../../../../arm-none-eabi/lib/thumb/v7e-m+fp/hard\libc_nano.a(lib_a-nano-mallocr.o)
                0x0000000020004440                __malloc_free_list
 *(COMMON)
 COMMON         0x0000000020004444        0xc ./Core/Src/freertos.o
                0x0000000020004444                defaultTaskHandle
                0x0000000020004448                usbTaskHandle
                0x000000002000444c                taskQueueHandle
 COMMON         0x0000000020004450       0x48 ./Core/Src/stm32f4xx_hal_timebase_tim.o
                0x0000000020004450                htim2
 COMMON         0x0000000020004498       0x44 ./Core/Src/usart.o
                0x0000000020004498                huart3
 COMMON         0x00000000200044dc        0x4 ./Drivers/STM32F4xx_HAL_Driver/Src/stm32f4xx_hal.o
                0x00000000200044dc                uwTick
 COMMON         0x00000000200044e0      0x2d0 ./USB_DEVICE/App/usb_device.o
                0x00000000200044e0                hUsbDeviceFS
 COMMON         0x00000000200047b0     0x1000 ./USB_DEVICE/App/usbd_cdc_if.o
                0x00000000200047b0                UserRxBufferFS
                0x0000000020004fb0                UserTxBufferFS
 COMMON         0x00000000200057b0      0x200 ./USB_DEVICE/App/usbd_desc.o
                0x00000000200057b0                USBD_StrDesc
 COMMON         0x00000000200059b0      0x408 ./USB_DEVICE/Target/usbd_conf.o
                0x00000000200059b0                hpcd_USB_OTG_FS
 COMMON         0x0000000020005db8        0x9 d:/stm32cubeide_1.7.0/stm32cubeide/plugins/com.st.stm32cube.ide.mcu.externaltools.gnu-tools-for-stm32.9-2020-q2-update.win32_2.0.0.202105311346/tools/bin/../lib/gcc/arm-none-eabi/9.3.1/../../../../arm-none-eabi/lib/thumb/v7e-m+fp/hard\libc_nano.a(lib_a-lock.o)
                0x0000000020005db8                __lock___atexit_recursive_mutex
                0x0000000020005db9                __lock___arc4random_mutex
                0x0000000020005dba                __lock___env_recursive_mutex
                0x0000000020005dbb                __lock___sinit_recursive_mutex
                0x0000000020005dbc                __lock___malloc_recursive_mutex
                0x0000000020005dbd                __lock___at_quick_exit_mutex
                0x0000000020005dbe                __lock___dd_hash_mutex
                0x0000000020005dbf                __lock___tz_mutex
                0x0000000020005dc0                __lock___sfp_recursive_mutex
                0x0000000020005dc4                . = ALIGN (0x4)
 *fill*         0x0000000020005dc1        0x3 
                0x0000000020005dc4                _ebss = .
                0x0000000020005dc4                __bss_end__ = _ebss

._user_heap_stack
                0x0000000020005dc4      0x604 load address 0x000000000800a6e8
                0x0000000020005dc8                . = ALIGN (0x8)
 *fill*         0x0000000020005dc4        0x4 
                [!provide]                        PROVIDE (end = .)
                0x0000000020005dc8                PROVIDE (_end = .)
                0x0000000020005fc8                . = (. + _Min_Heap_Size)
 *fill*         0x0000000020005dc8      0x200 
                0x00000000200063c8                . = (. + _Min_Stack_Size)
 *fill*         0x0000000020005fc8      0x400 
                0x00000000200063c8                . = ALIGN (0x8)

/DISCARD/
 libc.a(*)
 libm.a(*)
 libgcc.a(*)

.ARM.attributes
                0x0000000000000000       0x30
 *(.ARM.attributes)
 .ARM.attributes
                0x0000000000000000       0x1e d:/stm32cubeide_1.7.0/stm32cubeide/plugins/com.st.stm32cube.ide.mcu.externaltools.gnu-tools-for-stm32.9-2020-q2-update.win32_2.0.0.202105311346/tools/bin/../lib/gcc/arm-none-eabi/9.3.1/thumb/v7e-m+fp/hard/crti.o
 .ARM.attributes
                0x000000000000001e       0x34 d:/stm32cubeide_1.7.0/stm32cubeide/plugins/com.st.stm32cube.ide.mcu.externaltools.gnu-tools-for-stm32.9-2020-q2-update.win32_2.0.0.202105311346/tools/bin/../lib/gcc/arm-none-eabi/9.3.1/thumb/v7e-m+fp/hard/crtbegin.o
 .ARM.attributes
                0x0000000000000052       0x34 ./Core/Src/freertos.o
 .ARM.attributes
                0x0000000000000086       0x34 ./Core/Src/gpio.o
 .ARM.attributes
                0x00000000000000ba       0x34 ./Core/Src/main.o
 .ARM.attributes
                0x00000000000000ee       0x34 ./Core/Src/stm32f4xx_hal_msp.o
 .ARM.attributes
                0x0000000000000122       0x34 ./Core/Src/stm32f4xx_hal_timebase_tim.o
 .ARM.attributes
                0x0000000000000156       0x34 ./Core/Src/stm32f4xx_it.o
 .ARM.attributes
                0x000000000000018a       0x34 ./Core/Src/system_stm32f4xx.o
 .ARM.attributes
                0x00000000000001be       0x34 ./Core/Src/usart.o
 .ARM.attributes
                0x00000000000001f2       0x21 ./Core/Startup/startup_stm32f446zetx.o
 .ARM.attributes
                0x0000000000000213       0x34 ./Drivers/STM32F4xx_HAL_Driver/Src/stm32f4xx_hal.o
 .ARM.attributes
                0x0000000000000247       0x34 ./Drivers/STM32F4xx_HAL_Driver/Src/stm32f4xx_hal_cortex.o
 .ARM.attributes
                0x000000000000027b       0x34 ./Drivers/STM32F4xx_HAL_Driver/Src/stm32f4xx_hal_gpio.o
 .ARM.attributes
                0x00000000000002af       0x34 ./Drivers/STM32F4xx_HAL_Driver/Src/stm32f4xx_hal_pcd.o
 .ARM.attributes
                0x00000000000002e3       0x34 ./Drivers/STM32F4xx_HAL_Driver/Src/stm32f4xx_hal_pcd_ex.o
 .ARM.attributes
                0x0000000000000317       0x34 ./Drivers/STM32F4xx_HAL_Driver/Src/stm32f4xx_hal_rcc.o
 .ARM.attributes
                0x000000000000034b       0x34 ./Drivers/STM32F4xx_HAL_Driver/Src/stm32f4xx_hal_rcc_ex.o
 .ARM.attributes
                0x000000000000037f       0x34 ./Drivers/STM32F4xx_HAL_Driver/Src/stm32f4xx_hal_tim.o
 .ARM.attributes
                0x00000000000003b3       0x34 ./Drivers/STM32F4xx_HAL_Driver/Src/stm32f4xx_hal_tim_ex.o
 .ARM.attributes
                0x00000000000003e7       0x34 ./Drivers/STM32F4xx_HAL_Driver/Src/stm32f4xx_hal_uart.o
 .ARM.attributes
                0x000000000000041b       0x34 ./Drivers/STM32F4xx_HAL_Driver/Src/stm32f4xx_ll_usb.o
 .ARM.attributes
                0x000000000000044f       0x34 ./Middlewares/ST/STM32_USB_Device_Library/Class/CDC/Src/usbd_cdc.o
 .ARM.attributes
                0x0000000000000483       0x34 ./Middlewares/ST/STM32_USB_Device_Library/Core/Src/usbd_core.o
 .ARM.attributes
                0x00000000000004b7       0x34 ./Middlewares/ST/STM32_USB_Device_Library/Core/Src/usbd_ctlreq.o
 .ARM.attributes
                0x00000000000004eb       0x34 ./Middlewares/ST/STM32_USB_Device_Library/Core/Src/usbd_ioreq.o
 .ARM.attributes
                0x000000000000051f       0x34 ./Middlewares/Third_Party/FreeRTOS/Source/CMSIS_RTOS/cmsis_os.o
 .ARM.attributes
                0x0000000000000553       0x34 ./Middlewares/Third_Party/FreeRTOS/Source/list.o
 .ARM.attributes
                0x0000000000000587       0x34 ./Middlewares/Third_Party/FreeRTOS/Source/queue.o
 .ARM.attributes
                0x00000000000005bb       0x34 ./Middlewares/Third_Party/FreeRTOS/Source/tasks.o
 .ARM.attributes
                0x00000000000005ef       0x34 ./Middlewares/Third_Party/FreeRTOS/Source/portable/GCC/ARM_CM4F/port.o
 .ARM.attributes
                0x0000000000000623       0x34 ./Middlewares/Third_Party/FreeRTOS/Source/portable/MemMang/heap_4.o
 .ARM.attributes
                0x0000000000000657       0x34 ./USB_DEVICE/App/usb_device.o
 .ARM.attributes
                0x000000000000068b       0x34 ./USB_DEVICE/App/usbd_cdc_if.o
 .ARM.attributes
                0x00000000000006bf       0x34 ./USB_DEVICE/App/usbd_desc.o
 .ARM.attributes
                0x00000000000006f3       0x34 ./USB_DEVICE/Target/usbd_conf.o
 .ARM.attributes
                0x0000000000000727       0x34 d:/stm32cubeide_1.7.0/stm32cubeide/plugins/com.st.stm32cube.ide.mcu.externaltools.gnu-tools-for-stm32.9-2020-q2-update.win32_2.0.0.202105311346/tools/bin/../lib/gcc/arm-none-eabi/9.3.1/../../../../arm-none-eabi/lib/thumb/v7e-m+fp/hard\libc_nano.a(lib_a-findfp.o)
 .ARM.attributes
                0x000000000000075b       0x32 d:/stm32cubeide_1.7.0/stm32cubeide/plugins/com.st.stm32cube.ide.mcu.externaltools.gnu-tools-for-stm32.9-2020-q2-update.win32_2.0.0.202105311346/tools/bin/../lib/gcc/arm-none-eabi/9.3.1/../../../../arm-none-eabi/lib/thumb/v7e-m+fp/hard\libc_nano.a(lib_a-impure.o)
 .ARM.attributes
                0x000000000000078d       0x34 d:/stm32cubeide_1.7.0/stm32cubeide/plugins/com.st.stm32cube.ide.mcu.externaltools.gnu-tools-for-stm32.9-2020-q2-update.win32_2.0.0.202105311346/tools/bin/../lib/gcc/arm-none-eabi/9.3.1/../../../../arm-none-eabi/lib/thumb/v7e-m+fp/hard\libc_nano.a(lib_a-init.o)
 .ARM.attributes
                0x00000000000007c1       0x34 d:/stm32cubeide_1.7.0/stm32cubeide/plugins/com.st.stm32cube.ide.mcu.externaltools.gnu-tools-for-stm32.9-2020-q2-update.win32_2.0.0.202105311346/tools/bin/../lib/gcc/arm-none-eabi/9.3.1/../../../../arm-none-eabi/lib/thumb/v7e-m+fp/hard\libc_nano.a(lib_a-lock.o)
 .ARM.attributes
                0x00000000000007f5       0x34 d:/stm32cubeide_1.7.0/stm32cubeide/plugins/com.st.stm32cube.ide.mcu.externaltools.gnu-tools-for-stm32.9-2020-q2-update.win32_2.0.0.202105311346/tools/bin/../lib/gcc/arm-none-eabi/9.3.1/../../../../arm-none-eabi/lib/thumb/v7e-m+fp/hard\libc_nano.a(lib_a-memcpy-stub.o)
 .ARM.attributes
                0x0000000000000829       0x34 d:/stm32cubeide_1.7.0/stm32cubeide/plugins/com.st.stm32cube.ide.mcu.externaltools.gnu-tools-for-stm32.9-2020-q2-update.win32_2.0.0.202105311346/tools/bin/../lib/gcc/arm-none-eabi/9.3.1/../../../../arm-none-eabi/lib/thumb/v7e-m+fp/hard\libc_nano.a(lib_a-memset.o)
 .ARM.attributes
                0x000000000000085d       0x34 d:/stm32cubeide_1.7.0/stm32cubeide/plugins/com.st.stm32cube.ide.mcu.externaltools.gnu-tools-for-stm32.9-2020-q2-update.win32_2.0.0.202105311346/tools/bin/../lib/gcc/arm-none-eabi/9.3.1/../../../../arm-none-eabi/lib/thumb/v7e-m+fp/hard\libc_nano.a(lib_a-nano-mallocr.o)
 .ARM.attributes
                0x0000000000000891       0x34 d:/stm32cubeide_1.7.0/stm32cubeide/plugins/com.st.stm32cube.ide.mcu.externaltools.gnu-tools-for-stm32.9-2020-q2-update.win32_2.0.0.202105311346/tools/bin/../lib/gcc/arm-none-eabi/9.3.1/../../../../arm-none-eabi/lib/thumb/v7e-m+fp/hard\libc_nano.a(lib_a-reent.o)
 .ARM.attributes